01-19 14:48:53.003  2540   740 D AppInfra cur. * Got ktag! container 6FAE75D66EB05C0C13006C6E1FFCA4809A3F192D for id 172.24.11.149
01-19 14:48:53.003  2540   740 D Mail MailService.MailService::reschedulePollInBackground() Got KTag, proceed with reschedulePollInBackground...
01-19 14:48:53.004  2540   740 I Workspace mb.isApplicationProtectedByPasscode: Application is protected by passcode.
01-19 14:48:53.004  2540   740 D Workspace mb.shouldAskForPasscode: Passcode was entered in the past.
01-19 14:48:53.004  2540   740 D Workspace mb.getOrCreateKTagForApp: Lock acquired: site ID = 172.24.11.149
01-19 14:48:53.005  2540   740 D Workspace mb.getOrCreateKTagForApp: KeyStore has the following entries: -1047860588, -1992220757, -1572556328 
01-19 14:48:53.005  2540   740 D Workspace mb.getOrCreateKTagForApp: KeyStore contains the key for the appID -1572556328
01-19 14:48:53.007  2540   738 D Mail MessagingController.synchronizeMailboxSynchronous: 1 - folder name is 3760761183
01-19 14:48:53.017  2540   738 D Mail EWSStore.EWSStore::decodeUri:: Initilizing Store...
01-19 14:48:53.046  2540   740 D Workspace mb.getOrCreateKTagForApp: Lock released: File = CP172.24.11.149.keystore
01-19 14:48:53.047  2540   740 D AppInfra cur. * Got ktag! container 6FAE75D66EB05C0C13006C6E1FFCA4809A3F192D for id 172.24.11.149
01-19 14:48:53.047  2540   740 D Mail MailService.MailService: No next check scheduled, will cancel pending check
01-19 14:48:53.048  2540   740 D Mail MailService.ACTION_CHECK_MAIL Canceled!
01-19 14:48:53.058  2540   738 W Mail LocalStore.Creating folder K9MAIL_INTERNAL_OUTBOX with existing id -1
01-19 14:48:53.095  2540   738 D Mail MessagingController.synchronizeMailboxSynchronous: There are no local messages found, set watermark to null.
01-19 14:48:53.096  2540   738 E Mail LocalStore.setWatermark():: setting watermark NULL!
01-19 14:48:53.109  2540   738 D Mail MessagingController.synchronizeMailboxSynchronous: END
01-19 14:48:53.111  2540   665 D Mail com.fsck.k9.controller.OofController. getOofRequestAsync :: Enter doInBackground
01-19 14:48:53.116  2540   665 V Infrastructure CPConnection.setRequestMethod: called
01-19 14:48:53.117  2540   665 V Infrastructure CPConnection.setRequestMethod: called
01-19 14:48:53.117  2540   665 V Infrastructure CPConnection.getOutputStream: called
01-19 14:48:53.118  2540   665 V Infrastructure CPConnection.prepareConnection: Preparing connection 
01-19 14:48:53.119  2540   665 V Infrastructure CPConnection.prepareConnection: Creating URL: https://172.24.11.149/sslvpn/CPCVPN-Business-Mail/
01-19 14:48:53.119  2540   665 V Infrastructure CPConnection.prepareConnection: Starting connection...	Connect timeout=30000, read timeout=30000
01-19 14:48:53.120  2540   665 D Infrastructure CPConnection.prepareConnection: set Content-Length = 561
01-19 14:48:53.123  2540   665 D Outlook ServiceRequestBase.::emit() will execute request now...
01-19 14:48:53.124  2540   665 D Outlook ServiceRequestBase.::emit() request executed, will get response...
01-19 14:48:53.124  2540   665 V Infrastructure CPConnection.getResponseCode: called
01-19 14:48:53.139  2540   738 V Infrastructure CPConnection.setRequestMethod: called
01-19 14:48:53.141  2540   738 V Infrastructure CPConnection.setRequestMethod: called
01-19 14:48:53.141  2540   738 V Infrastructure CPConnection.getOutputStream: called
01-19 14:48:53.142  2540   738 V Infrastructure CPConnection.prepareConnection: Preparing connection 
01-19 14:48:53.143  2540   738 V Infrastructure CPConnection.prepareConnection: Creating URL: https://172.24.11.149/sslvpn/CPCVPN-Business-Mail/
01-19 14:48:53.143  2540   738 V Infrastructure CPConnection.prepareConnection: Starting connection...	Connect timeout=30000, read timeout=30000
01-19 14:48:53.144  2540   738 D Infrastructure CPConnection.prepareConnection: set Content-Length = 1038
01-19 14:48:53.147  2540   738 D Outlook ServiceRequestBase.::emit() will execute request now...
01-19 14:48:53.148  2540   738 D Outlook ServiceRequestBase.::emit() request executed, will get response...
01-19 14:48:53.148  2540   738 V Infrastructure CPConnection.getResponseCode: called
01-19 14:48:53.176  2540   665 V Infrastructure CPConnection.getResponseCode: site state = CONNECTED
01-19 14:48:53.176  2540   665 V Infrastructure CPConnection.getResponseCode: response code = 200
01-19 14:48:53.177  2540   665 D Outlook HttpClientWebRequest.getResponseCode: code=200 message=OK
01-19 14:48:53.177  2540   665 D Outlook ServiceRequestBase.::emit() got response!
01-19 14:48:53.177  2540   665 V Infrastructure CPConnection.getInputStream: called
01-19 14:48:53.177  2540   665 V Infrastructure CPConnection.getHeaderFields: called
01-19 14:48:53.204  2540   738 V Infrastructure CPConnection.getResponseCode: site state = CONNECTED
01-19 14:48:53.204  2540   738 V Infrastructure CPConnection.getResponseCode: response code = 200
01-19 14:48:53.204  2540   738 D Outlook HttpClientWebRequest.getResponseCode: code=200 message=OK
01-19 14:48:53.204  2540   738 D Outlook ServiceRequestBase.::emit() got response!
01-19 14:48:53.205  2540   738 V Infrastructure CPConnection.getInputStream: called
01-19 14:48:53.205  2540   738 V Infrastructure CPConnection.getHeaderFields: called
01-19 14:48:53.254  2540     1 D Mail com.fsck.k9.controller.OofController.OofController :: CheckIfOofEnable() 
01-19 14:48:53.255  2540     1 D Mail com.fsck.k9.controller.OofController.OofController :: CheckIfOofEnable() state is Disabled
01-19 14:48:53.256  2540     1 D Mail com.fsck.k9.controller.OofController.OofController::FinishOnPostExecute()==== failed to send broadcast, no receivers found!
01-19 14:49:15.324  2540   651 D Workspace AppManager.::isPasscodeNeeded: Passcode is needed = false
01-19 14:49:15.326  2540   651 W Infrastructure GeneralSingleton.getRunAfterPasscodeIntent: returned null intent!
01-19 14:50:46.102  2540   640 V Infrastructure CPConnection.MyHostnameVerifier::verify: Session: d617b786fcf18f57, hostname = e.crashlytics.com
01-19 15:03:34.846  2540     1 V Workspace Service.AlarmReceiver: Got alarm code = GRACE_PERIOD_EXPIRATION at 19 Jan 2017 15:03:34 GMT+02:00 Scheduled to: 19 Jan 2017 15:03:34 GMT+02:00
01-19 15:03:34.849  2540     1 D Workspace AlarmReceiver.App in foreground, disregarding GRACE_PERIOD_EXPIRATION
01-19 15:25:34.287  2540     1 I Workspace AppListScreen.onPause()
01-19 15:25:34.289  2540     1 I Workspace lz.onActivityPaused( AppListScreen, Activity HashCode: 154931911, Task ID: 209 ) PAUSED.
01-19 15:25:34.290  2540     1 D Workspace SecureStorage.isVariablesInitiated: Variables are initialized.
01-19 15:25:34.306  2540     1 I Mail CpMailCleaner.setCleanDone: false
01-19 15:25:34.307  2540     1 D Workspace SecureStorage.isVariablesInitiated: Variables are initialized.
01-19 15:25:34.314  2540     1 I Calendar CpCalendarCleaner.setCleanDone: false
01-19 15:25:34.314  2540     1 V Contacts akb.setCleanDone(false)
01-19 15:25:34.316  2540     1 I AppInfra cvg.setAlarm: cp.mobile.infra.CpCleanerService.CLEANUP_ALARM was set for Thu Jan 19 21:25:34 GMT+02:00 2017
01-19 15:25:34.329  2540     1 I Workspace lz.onActivityCreated( WrappedStoreListActivity, Activity HashCode: 156253397, Task ID: 209, null ) CREATED.
01-19 15:25:34.330  2540     1 I Workspace lz.checkIfPasscodeIsNeeded( WrappedStoreListActivity, configurationChange = false ):
01-19 15:25:34.330  2540     1 D Workspace AppManager.::isPasscodeNeeded: Passcode is needed = false
01-19 15:25:34.330  2540     1 D Workspace lz.checkIfPasscodeIsNeeded: Passcode is not needed.
01-19 15:25:34.330  2540     1 I Workspace mb.isApplicationProtectedByPasscode: Application is protected by passcode.
01-19 15:25:34.331  2540     1 D Workspace mb.shouldAskForPasscode: Passcode was entered in the past.
01-19 15:25:34.331  2540     1 V Workspace mb.getOrCreateKTagForApp: found entry in cache. Site id=172.24.11.149, appId=-1047860588, entry age=1
01-19 15:25:34.331  2540     1 D AppInfra cwj.getKey: * Got ktag! C1142DDBA9DC384BC7562D0FDE020597F53096EF
01-19 15:25:34.361  2540     1 D Dashboard WrappedStoreListActivity.setLoaderVisibility: visibility = true
01-19 15:25:34.362  2540     1 I Workspace lz.onActivityStarted( WrappedStoreListActivity, Activity HashCode: 156253397, Task ID: 209 ) STARTED!
01-19 15:25:34.368  2540     1 D Dashboard WrappedStoreListActivity.onResume()
01-19 15:25:34.369  2540     1 I Workspace lz.onActivityResumed( WrappedStoreListActivity, Activity HashCode: 156253397, Task ID: 209 ) RESUMED.
01-19 15:25:34.369  2540     1 D Workspace nv.setCurrentActivity: Setting current activity to: WrappedStoreListActivity
01-19 15:25:34.369  2540     1 D Workspace lz.onActivityResumed: Active activities: 2
01-19 15:25:34.369  2540     1 W Workspace AlarmCenter.descheduleAlarm: failed to find a pending intent for alarm id = 3003
01-19 15:25:34.369  2540     1 I Workspace mb.appFrameworkRecovery: Starting.
01-19 15:25:34.369  2540     1 D Workspace AppManager.::isPasscodeNeeded: Passcode is needed = false
01-19 15:25:34.371  2540     1 I AppInfra cvg.cancelAlarm: Canceled alarm for intent cp.mobile.infra.CpCleanerService.CLEANUP_ALARM
01-19 15:25:34.373  2540     1 D Workspace SecureStorage.isVariablesInitiated: Variables are initialized.
01-19 15:25:34.373  2540     1 D Workspace SecureStorage.isVariablesInitiated: Variables are initialized.
01-19 15:25:34.374  2540     1 I Mail CpMailCleaner.checkIfCleanNeeded: not needed!  Next clean set for Thu Jan 19 20:48:28 GMT+02:00 2017
01-19 15:25:34.374  2540     1 D Workspace SecureStorage.isVariablesInitiated: Variables are initialized.
01-19 15:25:34.374  2540     1 D Workspace SecureStorage.isVariablesInitiated: Variables are initialized.
01-19 15:25:34.375  2540     1 I Calendar CpCalendarCleaner.checkIfCleanNeeded: not needed!  Next clean set for Thu Jan 19 20:48:17 GMT+02:00 2017
01-19 15:25:34.380  2540     1 I Workspace mb.isApplicationProtectedByPasscode: Application is protected by passcode.
01-19 15:25:34.381  2540     1 D Workspace mb.shouldAskForPasscode: Passcode was entered in the past.
01-19 15:25:34.381  2540     1 V Workspace mb.getOrCreateKTagForApp: found entry in cache. Site id=172.24.11.149, appId=-1047860588, entry age=2
01-19 15:25:34.382  2540     1 D AppInfra cwj.getKey: * Got ktag! C1142DDBA9DC384BC7562D0FDE020597F53096EF
01-19 15:25:34.382  2540     1 D Dashboard WrappedStoreListActivity.setLoaderVisibility: visibility = true
01-19 15:25:34.382  2540     1 D Dashboard WrappedStoreListActivity.initLayouts: intent = Intent { cmp=com.CheckPoint.SSLVpn/com.CheckPoint.dashboard.ui.activity.WrappedStoreListActivity } ,  pull = true
01-19 15:25:34.385  2540     1 D AppInfra ManageAndWipeDBDataService.registerFile: file name sent to wipeDB
01-19 15:25:34.386  2540     1 D AppInfra ManageAndWipeDBDataService.registerFile: file name sent to wipeDB
01-19 15:25:34.387  2540     1 D AppInfra ManageAndWipeDBDataService.registerFile: file name sent to wipeDB
01-19 15:25:34.387  2540     1 I Dashboard WrappedStoreListActivity.WrapToken isManuallyEnrolled: false
01-19 15:25:34.387  2540     1 D Dashboard WrappedStoreListActivity.setLoaderVisibility: visibility = true
01-19 15:25:34.389  2540     1 D AppInfra ManageAndWipeDBDataService.registerFile: file name sent to wipeDB
01-19 15:25:34.390  2540     1 I Workspace mb.isApplicationProtectedByPasscode: Application is protected by passcode.
01-19 15:25:34.390  2540     1 D Workspace mb.shouldAskForPasscode: Passcode was entered in the past.
01-19 15:25:34.390  2540     1 V Workspace mb.getOrCreateKTagForApp: found entry in cache. Site id=172.24.11.149, appId=-1047860588, entry age=3
01-19 15:25:34.391  2540     1 D AppInfra cwj.getKey: * Got ktag! C1142DDBA9DC384BC7562D0FDE020597F53096EF
01-19 15:25:34.412  2540     1 D Dashboard zd.downloadCatalog()
01-19 15:25:34.413  2540     1 D AppInfra ManageAndWipeDBDataService.registerFile: file name sent to wipeDB
01-19 15:25:34.415  2540     1 D AppInfra ManageAndWipeDBDataService.registerFile: file name sent to wipeDB
01-19 15:25:34.417  2540     1 D AppInfra ManageAndWipeDBDataService.registerFile: file name sent to wipeDB
01-19 15:25:34.434  2540     1 D Dashboard DownloadService.onStartCommand: Entering with startId: 1
01-19 15:25:34.433  2540   744 D AppInfra ManageAndWipeDBDataService.onHandleIntent: action is : com.CheckPoint.Infrastructure.Data.GlobalConstants.intent.action.ADD_FILE_OF_SITE_RECORD
01-19 15:25:34.435  2540   745 D Dashboard DownloadService.run: Entering with startid: 1
01-19 15:25:34.439  2540   744 D AppInfra ManageAndWipeDBDataService.onHandleIntent: action is : com.CheckPoint.Infrastructure.Data.GlobalConstants.intent.action.ADD_FILE_OF_SITE_RECORD
01-19 15:25:34.442  2540   744 D AppInfra ManageAndWipeDBDataService.onHandleIntent: action is : com.CheckPoint.Infrastructure.Data.GlobalConstants.intent.action.ADD_FILE_OF_SITE_RECORD
01-19 15:25:34.444  2540   744 D AppInfra ManageAndWipeDBDataService.onHandleIntent: action is : com.CheckPoint.Infrastructure.Data.GlobalConstants.intent.action.ADD_FILE_OF_SITE_RECORD
01-19 15:25:34.446  2540   744 D AppInfra ManageAndWipeDBDataService.onHandleIntent: action is : com.CheckPoint.Infrastructure.Data.GlobalConstants.intent.action.ADD_FILE_OF_SITE_RECORD
01-19 15:25:34.449  2540   744 D AppInfra ManageAndWipeDBDataService.onHandleIntent: action is : com.CheckPoint.Infrastructure.Data.GlobalConstants.intent.action.ADD_FILE_OF_SITE_RECORD
01-19 15:25:34.451  2540   744 D AppInfra ManageAndWipeDBDataService.onHandleIntent: action is : com.CheckPoint.Infrastructure.Data.GlobalConstants.intent.action.ADD_FILE_OF_SITE_RECORD
01-19 15:25:34.468  2540     1 I Workspace mb.isApplicationProtectedByPasscode: Application is protected by passcode.
01-19 15:25:34.468  2540     1 D Workspace mb.shouldAskForPasscode: Passcode was entered in the past.
01-19 15:25:34.468  2540     1 V Workspace mb.getOrCreateKTagForApp: found entry in cache. Site id=172.24.11.149, appId=-1047860588, entry age=4
01-19 15:25:34.468  2540     1 D AppInfra cwj.getKey: * Got ktag! C1142DDBA9DC384BC7562D0FDE020597F53096EF
01-19 15:25:34.468  2540     1 I Workspace mb.isApplicationProtectedByPasscode: Application is protected by passcode.
01-19 15:25:34.469  2540     1 D Workspace mb.shouldAskForPasscode: Passcode was entered in the past.
01-19 15:25:34.469  2540     1 V Workspace mb.getOrCreateKTagForApp: found entry in cache. Site id=172.24.11.149, appId=-1047860588, entry age=5
01-19 15:25:34.469  2540     1 D AppInfra cwj.getKey: * Got ktag! C1142DDBA9DC384BC7562D0FDE020597F53096EF
01-19 15:25:34.470  2540     1 D AppInfra ManageAndWipeDBDataService.registerFile: file name sent to wipeDB
01-19 15:25:34.474  2540     1 D Dashboard WrappedStoreListActivity.onReceive: action zd.action.DOWNLOAD_STARTED
01-19 15:25:34.503  2540   747 D AppInfra ManageAndWipeDBDataService.onHandleIntent: action is : com.CheckPoint.Infrastructure.Data.GlobalConstants.intent.action.ADD_FILE_OF_SITE_RECORD
01-19 15:25:34.548  2540   614 D Workspace BaseCommActivity.********** finalize: class com.CheckPoint.SSLVpn.UI.Passcode.PasscodeActivity **********
01-19 15:25:34.720  2540   745 V Infrastructure CPConnection.MyHostnameVerifier::verify: Session: 81cad277d6f4ec28, hostname = capsulewrapstore-stg.checkpoint.com
01-19 15:25:34.833  2540   748 D Dashboard DownloadService.completedBytes: 368, fileLength: 368
01-19 15:25:34.834  2540     1 D Dashboard WrappedStoreListActivity.onReceive: action zd.action.DOWNLOAD_FINISHED
01-19 15:25:34.835  2540     1 D Dashboard WrappedStoreListActivity.onReceive: action ze.action.CATALOG_REFRESH_FINISHED
01-19 15:25:34.835  2540     1 D Dashboard WrappedStoreListActivity.initLayouts: intent = null ,  pull = false
01-19 15:25:34.835  2540     1 I Workspace mb.isApplicationProtectedByPasscode: Application is protected by passcode.
01-19 15:25:34.836  2540     1 D Workspace mb.shouldAskForPasscode: Passcode was entered in the past.
01-19 15:25:34.836  2540     1 V Workspace mb.getOrCreateKTagForApp: found entry in cache. Site id=172.24.11.149, appId=-1047860588, entry age=6
01-19 15:25:34.836  2540     1 D AppInfra cwj.getKey: * Got ktag! C1142DDBA9DC384BC7562D0FDE020597F53096EF
01-19 15:25:34.837  2540     1 I Workspace mb.isApplicationProtectedByPasscode: Application is protected by passcode.
01-19 15:25:34.837  2540     1 D Workspace mb.shouldAskForPasscode: Passcode was entered in the past.
01-19 15:25:34.838  2540     1 V Workspace mb.getOrCreateKTagForApp: found entry in cache. Site id=172.24.11.149, appId=-1047860588, entry age=7
01-19 15:25:34.838  2540     1 D AppInfra cwj.getKey: * Got ktag! C1142DDBA9DC384BC7562D0FDE020597F53096EF
01-19 15:25:34.842  2540     1 D AppInfra ManageAndWipeDBDataService.registerFile: file name sent to wipeDB
01-19 15:25:34.845  2540     1 D AppInfra ManageAndWipeDBDataService.registerFile: file name sent to wipeDB
01-19 15:25:34.848  2540     1 D AppInfra ManageAndWipeDBDataService.registerFile: file name sent to wipeDB
01-19 15:25:34.849  2540     1 I Dashboard WrappedStoreListActivity.WrapToken isManuallyEnrolled: false
01-19 15:25:34.849  2540     1 D Dashboard WrappedStoreListActivity.setLoaderVisibility: visibility = true
01-19 15:25:34.858  2540   750 D AppInfra ManageAndWipeDBDataService.onHandleIntent: action is : com.CheckPoint.Infrastructure.Data.GlobalConstants.intent.action.ADD_FILE_OF_SITE_RECORD
01-19 15:25:34.864  2540   750 D AppInfra ManageAndWipeDBDataService.onHandleIntent: action is : com.CheckPoint.Infrastructure.Data.GlobalConstants.intent.action.ADD_FILE_OF_SITE_RECORD
01-19 15:25:34.871  2540   750 D AppInfra ManageAndWipeDBDataService.onHandleIntent: action is : com.CheckPoint.Infrastructure.Data.GlobalConstants.intent.action.ADD_FILE_OF_SITE_RECORD
01-19 15:25:34.879  2540     1 I Workspace lz.onActivitySaveInstanceState( AppListScreen, outState ).
01-19 15:25:34.879  2540   749 D AppInfra ManageAndWipeDBDataService.registerFile: file name sent to wipeDB
01-19 15:25:34.881  2540   749 D Dashboard DatabaseService.handleNewCatalog: Received catalog version 2, local ver 2
01-19 15:25:34.885  2540   749 D AppInfra ManageAndWipeDBDataService.registerFile: file name sent to wipeDB
01-19 15:25:34.886  2540     1 I Workspace lz.onActivityStopped( AppListScreen, Activity HashCode: 154931911, Task ID: 209 ) STOPPED!
01-19 15:25:34.886  2540   749 D Dashboard DatabaseService.handleNewCatalog: Nothing to do
01-19 15:25:34.890  2540   749 D AppInfra ManageAndWipeDBDataService.registerFile: file name sent to wipeDB
01-19 15:25:34.891  2540   751 D AppInfra ManageAndWipeDBDataService.onHandleIntent: action is : com.CheckPoint.Infrastructure.Data.GlobalConstants.intent.action.ADD_FILE_OF_SITE_RECORD
01-19 15:25:34.897  2540   751 D AppInfra ManageAndWipeDBDataService.onHandleIntent: action is : com.CheckPoint.Infrastructure.Data.GlobalConstants.intent.action.ADD_FILE_OF_SITE_RECORD
01-19 15:25:34.909  2540   749 D AppInfra ManageAndWipeDBDataService.registerFile: file name sent to wipeDB
01-19 15:25:34.909  2540   751 D AppInfra ManageAndWipeDBDataService.onHandleIntent: action is : com.CheckPoint.Infrastructure.Data.GlobalConstants.intent.action.ADD_FILE_OF_SITE_RECORD
01-19 15:25:34.914  2540   749 D AppInfra ManageAndWipeDBDataService.registerFile: file name sent to wipeDB
01-19 15:25:34.915  2540   751 D AppInfra ManageAndWipeDBDataService.onHandleIntent: action is : com.CheckPoint.Infrastructure.Data.GlobalConstants.intent.action.ADD_FILE_OF_SITE_RECORD
01-19 15:25:34.917  2540   749 D AppInfra ManageAndWipeDBDataService.registerFile: file name sent to wipeDB
01-19 15:25:34.921  2540   751 D AppInfra ManageAndWipeDBDataService.onHandleIntent: action is : com.CheckPoint.Infrastructure.Data.GlobalConstants.intent.action.ADD_FILE_OF_SITE_RECORD
01-19 15:25:34.922  2540   749 D AppInfra ManageAndWipeDBDataService.registerFile: file name sent to wipeDB
01-19 15:25:34.927  2540   751 D AppInfra ManageAndWipeDBDataService.onHandleIntent: action is : com.CheckPoint.Infrastructure.Data.GlobalConstants.intent.action.ADD_FILE_OF_SITE_RECORD
01-19 15:25:34.931  2540   751 D AppInfra ManageAndWipeDBDataService.onHandleIntent: action is : com.CheckPoint.Infrastructure.Data.GlobalConstants.intent.action.ADD_FILE_OF_SITE_RECORD
01-19 15:25:34.934  2540   749 D AppInfra ManageAndWipeDBDataService.registerFile: file name sent to wipeDB
01-19 15:25:34.935  2540   751 D AppInfra ManageAndWipeDBDataService.onHandleIntent: action is : com.CheckPoint.Infrastructure.Data.GlobalConstants.intent.action.ADD_FILE_OF_SITE_RECORD
01-19 15:25:34.957  2540   749 W Dashboard yx.isSupportedDexterVersion: incompatible version 0<16 or 0<16
01-19 15:25:34.957  2540   749 W Dashboard zn.getApkStateInternal: incompatible dexter version
01-19 15:25:34.959  2540     1 D Dashboard WrappedStoreListActivity.onReceive: action ze.action.FILL_UI
01-19 15:25:34.960  2540     1 D Dashboard WrappedStoreListActivity.Got 1 UI items
01-19 15:25:34.961  2540     1 D Dashboard WrappedStoreListActivity.setLoaderVisibility: visibility = false
01-19 15:25:34.964  2540   749 D AppInfra ManageAndWipeDBDataService.registerFile: file name sent to wipeDB
01-19 15:25:34.966  2540   749 D AppInfra ManageAndWipeDBDataService.registerFile: file name sent to wipeDB
01-19 15:25:34.972  2540   749 D AppInfra ManageAndWipeDBDataService.registerFile: file name sent to wipeDB
01-19 15:25:34.973  2540   749 D AppInfra ManageAndWipeDBDataService.registerFile: file name sent to wipeDB
01-19 15:25:34.990  2540   749 W Dashboard yx.isSupportedDexterVersion: incompatible version 0<16 or 0<16
01-19 15:25:34.990  2540   749 W Dashboard zn.getApkStateInternal: incompatible dexter version
01-19 15:25:34.998  2540     1 D Dashboard WrappedStoreListActivity.onReceive: action ze.action.FILL_UI
01-19 15:25:34.998  2540   752 D AppInfra ManageAndWipeDBDataService.onHandleIntent: action is : com.CheckPoint.Infrastructure.Data.GlobalConstants.intent.action.ADD_FILE_OF_SITE_RECORD
01-19 15:25:34.999  2540     1 D Dashboard WrappedStoreListActivity.Got 1 UI items
01-19 15:25:34.999  2540     1 D Dashboard WrappedStoreListActivity.setLoaderVisibility: visibility = false
01-19 15:25:35.001  2540   752 D AppInfra ManageAndWipeDBDataService.onHandleIntent: action is : com.CheckPoint.Infrastructure.Data.GlobalConstants.intent.action.ADD_FILE_OF_SITE_RECORD
01-19 15:25:35.004  2540   752 D AppInfra ManageAndWipeDBDataService.onHandleIntent: action is : com.CheckPoint.Infrastructure.Data.GlobalConstants.intent.action.ADD_FILE_OF_SITE_RECORD
01-19 15:25:35.006  2540   752 D AppInfra ManageAndWipeDBDataService.onHandleIntent: action is : com.CheckPoint.Infrastructure.Data.GlobalConstants.intent.action.ADD_FILE_OF_SITE_RECORD
01-19 15:25:36.126  2540     1 D Dashboard WrappedStoreListActivity.openScanQr: no camera permissions
01-19 15:25:36.140  2540     1 D Dashboard WrappedStoreListActivity.onPause: Enter
01-19 15:25:36.142  2540     1 I Workspace lz.onActivityPaused( WrappedStoreListActivity, Activity HashCode: 156253397, Task ID: 209 ) PAUSED.
01-19 15:25:36.142  2540     1 D Workspace SecureStorage.isVariablesInitiated: Variables are initialized.
01-19 15:25:36.147  2540     1 I Mail CpMailCleaner.setCleanDone: false
01-19 15:25:36.147  2540     1 D Workspace SecureStorage.isVariablesInitiated: Variables are initialized.
01-19 15:25:36.156  2540     1 I Calendar CpCalendarCleaner.setCleanDone: false
01-19 15:25:36.156  2540     1 V Contacts akb.setCleanDone(false)
01-19 15:25:36.158  2540     1 I AppInfra cvg.setAlarm: cp.mobile.infra.CpCleanerService.CLEANUP_ALARM was set for Thu Jan 19 21:25:36 GMT+02:00 2017
01-19 15:25:38.016  2540     1 D AppInfra ManageAndWipeDBDataService.registerFile: file name sent to wipeDB
01-19 15:25:38.020  2540     1 D AppInfra ManageAndWipeDBDataService.registerFile: file name sent to wipeDB
01-19 15:25:38.021  2540     1 D Dashboard WrappedStoreListActivity.openScanQr: calling QR activity
01-19 15:25:38.048  2540     1 D Dashboard WrappedStoreListActivity.onResume()
01-19 15:25:38.049  2540     1 I Workspace lz.onActivityResumed( WrappedStoreListActivity, Activity HashCode: 156253397, Task ID: 209 ) RESUMED.
01-19 15:25:38.049  2540     1 D Workspace nv.setCurrentActivity: Setting current activity to: WrappedStoreListActivity
01-19 15:25:38.049  2540     1 D Workspace lz.onActivityResumed: Active activities: 2
01-19 15:25:38.050  2540     1 W Workspace AlarmCenter.descheduleAlarm: failed to find a pending intent for alarm id = 3003
01-19 15:25:38.050  2540     1 I Workspace mb.appFrameworkRecovery: Starting.
01-19 15:25:38.050  2540     1 D Workspace AppManager.::isPasscodeNeeded: Passcode is needed = false
01-19 15:25:38.052  2540     1 I AppInfra cvg.cancelAlarm: Canceled alarm for intent cp.mobile.infra.CpCleanerService.CLEANUP_ALARM
01-19 15:25:38.055  2540     1 D Workspace SecureStorage.isVariablesInitiated: Variables are initialized.
01-19 15:25:38.056  2540     1 D Workspace SecureStorage.isVariablesInitiated: Variables are initialized.
01-19 15:25:38.056  2540     1 I Mail CpMailCleaner.checkIfCleanNeeded: not needed!  Next clean set for Thu Jan 19 20:48:28 GMT+02:00 2017
01-19 15:25:38.056  2540     1 D Workspace SecureStorage.isVariablesInitiated: Variables are initialized.
01-19 15:25:38.057  2540     1 D Workspace SecureStorage.isVariablesInitiated: Variables are initialized.
01-19 15:25:38.057  2540     1 I Calendar CpCalendarCleaner.checkIfCleanNeeded: not needed!  Next clean set for Thu Jan 19 20:48:17 GMT+02:00 2017
01-19 15:25:38.059  2540     1 I Workspace mb.isApplicationProtectedByPasscode: Application is protected by passcode.
01-19 15:25:38.059  2540     1 D Workspace mb.shouldAskForPasscode: Passcode was entered in the past.
01-19 15:25:38.059  2540     1 V Workspace mb.getOrCreateKTagForApp: found entry in cache. Site id=172.24.11.149, appId=-1047860588, entry age=8
01-19 15:25:38.060  2540     1 D AppInfra cwj.getKey: * Got ktag! C1142DDBA9DC384BC7562D0FDE020597F53096EF
01-19 15:25:38.060  2540     1 D Dashboard WrappedStoreListActivity.setLoaderVisibility: visibility = true
01-19 15:25:38.060  2540     1 D Dashboard WrappedStoreListActivity.initLayouts: intent = Intent { cmp=com.CheckPoint.SSLVpn/com.CheckPoint.dashboard.ui.activity.WrappedStoreListActivity } ,  pull = true
01-19 15:25:38.062  2540     1 D AppInfra ManageAndWipeDBDataService.registerFile: file name sent to wipeDB
01-19 15:25:38.063  2540     1 I Workspace mb.isApplicationProtectedByPasscode: Application is protected by passcode.
01-19 15:25:38.063  2540     1 D Workspace mb.shouldAskForPasscode: Passcode was entered in the past.
01-19 15:25:38.063  2540     1 V Workspace mb.getOrCreateKTagForApp: found entry in cache. Site id=172.24.11.149, appId=-1047860588, entry age=9
01-19 15:25:38.064  2540     1 D AppInfra cwj.getKey: * Got ktag! C1142DDBA9DC384BC7562D0FDE020597F53096EF
01-19 15:25:38.064  2540     1 I Workspace mb.isApplicationProtectedByPasscode: Application is protected by passcode.
01-19 15:25:38.064  2540     1 D Workspace mb.shouldAskForPasscode: Passcode was entered in the past.
01-19 15:25:38.064  2540     1 D Workspace mb.getOrCreateKTagForApp: Lock acquired: site ID = 172.24.11.149
01-19 15:25:38.065  2540     1 D Workspace mb.getOrCreateKTagForApp: KeyStore has the following entries: -1047860588, -1992220757, -1572556328 
01-19 15:25:38.065  2540     1 D Workspace mb.getOrCreateKTagForApp: KeyStore contains the key for the appID -1047860588
01-19 15:25:38.086  2540     1 D Workspace mb.getOrCreateKTagForApp: Lock released: File = CP172.24.11.149.keystore
01-19 15:25:38.087  2540     1 D AppInfra cwj.getKey: * Got ktag! C1142DDBA9DC384BC7562D0FDE020597F53096EF
01-19 15:25:38.088  2540     1 D AppInfra ManageAndWipeDBDataService.registerFile: file name sent to wipeDB
01-19 15:25:38.090  2540     1 D AppInfra ManageAndWipeDBDataService.registerFile: file name sent to wipeDB
01-19 15:25:38.091  2540     1 D AppInfra ManageAndWipeDBDataService.registerFile: file name sent to wipeDB
01-19 15:25:38.091  2540     1 I Dashboard WrappedStoreListActivity.WrapToken isManuallyEnrolled: false
01-19 15:25:38.092  2540     1 D Dashboard WrappedStoreListActivity.setLoaderVisibility: visibility = true
01-19 15:25:38.093  2540     1 D AppInfra ManageAndWipeDBDataService.registerFile: file name sent to wipeDB
01-19 15:25:38.097  2540   753 D AppInfra ManageAndWipeDBDataService.onHandleIntent: action is : com.CheckPoint.Infrastructure.Data.GlobalConstants.intent.action.ADD_FILE_OF_SITE_RECORD
01-19 15:25:38.099  2540     1 D Dashboard WrappedStoreListActivity.onPause: Enter
01-19 15:25:38.101  2540   753 D AppInfra ManageAndWipeDBDataService.onHandleIntent: action is : com.CheckPoint.Infrastructure.Data.GlobalConstants.intent.action.ADD_FILE_OF_SITE_RECORD
01-19 15:25:38.101  2540     1 I Workspace lz.onActivityPaused( WrappedStoreListActivity, Activity HashCode: 156253397, Task ID: 209 ) PAUSED.
01-19 15:25:38.101  2540     1 D Workspace SecureStorage.isVariablesInitiated: Variables are initialized.
01-19 15:25:38.106  2540     1 I Mail CpMailCleaner.setCleanDone: false
01-19 15:25:38.107  2540     1 D Workspace SecureStorage.isVariablesInitiated: Variables are initialized.
01-19 15:25:38.114  2540     1 I Calendar CpCalendarCleaner.setCleanDone: false
01-19 15:25:38.115  2540     1 V Contacts akb.setCleanDone(false)
01-19 15:25:38.116  2540     1 I AppInfra cvg.setAlarm: cp.mobile.infra.CpCleanerService.CLEANUP_ALARM was set for Thu Jan 19 21:25:38 GMT+02:00 2017
01-19 15:25:38.133  2540   753 D AppInfra ManageAndWipeDBDataService.onHandleIntent: action is : com.CheckPoint.Infrastructure.Data.GlobalConstants.intent.action.ADD_FILE_OF_SITE_RECORD
01-19 15:25:38.137  2540   754 D AppInfra ManageAndWipeDBDataService.registerFile: file name sent to wipeDB
01-19 15:25:38.137  2540   753 D AppInfra ManageAndWipeDBDataService.onHandleIntent: action is : com.CheckPoint.Infrastructure.Data.GlobalConstants.intent.action.ADD_FILE_OF_SITE_RECORD
01-19 15:25:38.138  2540     1 I Workspace lz.onActivityCreated( CaptureActivity, Activity HashCode: 177477610, Task ID: 209, null ) CREATED.
01-19 15:25:38.139  2540     1 I Workspace lz.checkIfPasscodeIsNeeded( CaptureActivity, configurationChange = false ):
01-19 15:25:38.139  2540     1 D Workspace AppManager.::isPasscodeNeeded: Passcode is needed = false
01-19 15:25:38.139  2540     1 D Workspace lz.checkIfPasscodeIsNeeded: Passcode is not needed.
01-19 15:25:38.141  2540   753 D AppInfra ManageAndWipeDBDataService.onHandleIntent: action is : com.CheckPoint.Infrastructure.Data.GlobalConstants.intent.action.ADD_FILE_OF_SITE_RECORD
01-19 15:25:38.144  2540   753 D AppInfra ManageAndWipeDBDataService.onHandleIntent: action is : com.CheckPoint.Infrastructure.Data.GlobalConstants.intent.action.ADD_FILE_OF_SITE_RECORD
01-19 15:25:38.151  2540   753 D AppInfra ManageAndWipeDBDataService.onHandleIntent: action is : com.CheckPoint.Infrastructure.Data.GlobalConstants.intent.action.ADD_FILE_OF_SITE_RECORD
01-19 15:25:38.160  2540   754 W Dashboard yx.isSupportedDexterVersion: incompatible version 0<16 or 0<16
01-19 15:25:38.160  2540   754 W Dashboard zn.getApkStateInternal: incompatible dexter version
01-19 15:25:38.198  2540     1 I Workspace lz.onActivityStarted( CaptureActivity, Activity HashCode: 177477610, Task ID: 209 ) STARTED!
01-19 15:25:38.200  2540     1 I Workspace lz.onActivityResumed( CaptureActivity, Activity HashCode: 177477610, Task ID: 209 ) RESUMED.
01-19 15:25:38.201  2540     1 D Workspace nv.setCurrentActivity: Setting current activity to: CaptureActivity
01-19 15:25:38.201  2540     1 D Workspace lz.onActivityResumed: Active activities: 3
01-19 15:25:38.201  2540     1 W Workspace AlarmCenter.descheduleAlarm: failed to find a pending intent for alarm id = 3003
01-19 15:25:38.201  2540     1 I Workspace mb.appFrameworkRecovery: Starting.
01-19 15:25:38.201  2540     1 D Workspace AppManager.::isPasscodeNeeded: Passcode is needed = false
01-19 15:25:38.203  2540     1 I AppInfra cvg.cancelAlarm: Canceled alarm for intent cp.mobile.infra.CpCleanerService.CLEANUP_ALARM
01-19 15:25:38.205  2540     1 D Workspace SecureStorage.isVariablesInitiated: Variables are initialized.
01-19 15:25:38.205  2540     1 D Workspace SecureStorage.isVariablesInitiated: Variables are initialized.
01-19 15:25:38.206  2540     1 I Mail CpMailCleaner.checkIfCleanNeeded: not needed!  Next clean set for Thu Jan 19 20:48:28 GMT+02:00 2017
01-19 15:25:38.206  2540     1 D Workspace SecureStorage.isVariablesInitiated: Variables are initialized.
01-19 15:25:38.207  2540     1 D Workspace SecureStorage.isVariablesInitiated: Variables are initialized.
01-19 15:25:38.207  2540     1 I Calendar CpCalendarCleaner.checkIfCleanNeeded: not needed!  Next clean set for Thu Jan 19 20:48:17 GMT+02:00 2017
01-19 15:25:38.246  2540     1 I zxing com.google.zxing.client.android.camera.open.OpenCameraInterface.Opening camera #0
01-19 15:25:38.421  2540     1 I zxing CameraConfiguration.Screen resolution: Point(1440, 2392)
01-19 15:25:38.422  2540     1 I zxing CameraConfiguration.Camera resolution: Point(1920, 1080)
01-19 15:25:38.424  2540     1 I zxing CameraConfiguration.Initial camera parameters: preview-size=1920x1080;video-size=1920x1080;preferred-preview-size-for-video=1920x1080;preview-size-values=1920x1080,1600x1200,1440x1080,1280x960,1280x768,1280x720,1024x768,800x600,864x480,800x480,720x480,640x480,640x360,352x288,320x240,176x144,160x120;video-size-values=3840x2160,2592x1944,2688x1512,2048x1536,1920x1080,1600x1200,1440x1080,1280x960,1280x768,1280x720,1024x768,800x600,864x480,800x480,720x480,640x480,640x360,352x288,320x240,176x144,160x120;preview-format=yuv420sp;preview-format-values=yuv420p,yuv420sp,;preview-frame-rate=30;preview-fps-range=15000,30000;preview-fps-range-values=(15000,15000),(24000,24000),(15000,30000),(30000,30000);preview-frame-rate-values=15,24,30;picture-size=4032x3024;picture-size-values=4032x3024,4000x3000,3840x2160,3288x2480,3264x2448,3200x2400,2976x2976,2592x1944,2688x1512,2048x1536,1920x1080,1600x1200,1440x1080,1280x960,1280x768,1280x720,1024x768,800x600,864x480,800x480,720x480,640x480,640x360,352x288,320x240;picture-format=jpeg;picture-format-values=jpeg;jpeg-thumbnail-width=512;jpeg-thumbnail-height=384;jpeg-thumbnail-size-values=0x0,176x144,320x240,432x288,480x288,512x288,512x384;jpeg-thumbnail-quality=90;jpeg-quality=90;rotation=0;whitebalance=auto;whitebalance-values=auto,incandescent,fluorescent,warm-fluorescent,daylight,cloudy-daylight,twilight,shade,;effect=none;effect-values=none,mono,negative,solarize,sepia,posterize,whiteboard,blackboard,aqua;antibanding=auto;antibanding-values=off,60hz,50hz,auto;scene-mode=auto;scene-mode-values=auto,landscape,snow,beach,sunset,night,portrait,sports,steadyphoto,candlelight,fireworks,party,night-portrait,theatre,action,;flash-mode=off;flash-mode-values=off,auto,on,torch;focus-mode=auto;focus-mode-values=infinity,auto,macro,continuous-video,continuous-picture;max-num-focus-areas=1;focus-areas=(0,0,0,0,0);focal-length=4.67;horizontal-view-angle=67.5747;vertical-view-angle=53.2988;exposure-compensation=0;max-exposure-compensation=12;min-exposure-compensation=-12;exposure-compensation-step=0.166667;auto-exposure-lock=false;auto-exposure-lock-supported=true;auto-whitebalance-lock=false;auto-whitebalance-lock-supported=true;max-num-metering-areas=1;metering-areas=(0,0,0,0,0);zoom=0;max-zoom=99;zoom-ratios=100,103,106,109,112,115,118,121,124,127,130,133,136,139,142,145,148,151,154,157,160,163,166,169,172,175,178,181,184,187,190,193,196,199,203,206,209,212,215,218,221,224,227,230,233,236,239,242,245,248,251,254,257,260,263,266,269,272,275,278,281,284,287,290,293,296,299,303,306,309,312,315,318,321,324,327,330,333,336,339,342,345,348,351,354,357,360,363,366,369,372,375,378,381,384,387,390,393,396,399;zoom-supported=true;smooth-zoom-supported=false;focus-distances=Infinity,Infinity,Infinity;max-num-detected-faces-hw=5;max-num-detected-faces-sw=0;video-frame-format=android-opaque;recording-hint=false;video-snapshot-supported=true;video-stabilization=false;video-stabilization-supported=true
01-19 15:25:38.433  2540     1 I zxing DecodeThread.Hints: {POSSIBLE_FORMATS=[CODABAR, CODE_39, CODE_93, CODE_128, DATA_MATRIX, EAN_8, EAN_13, ITF, QR_CODE, RSS_14, RSS_EXPANDED, UPC_A, UPC_E], NEED_RESULT_POINT_CALLBACK=com.google.zxing.client.android.ViewfinderResultPointCallback@9e95d81}
01-19 15:25:38.466  2540     1 I zxing AutoFocusManager.Current focus mode 'auto'; use auto focus? true
01-19 15:25:38.788  2540   753 D AppInfra ManageAndWipeDBDataService.onHandleIntent: action is : com.CheckPoint.Infrastructure.Data.GlobalConstants.intent.action.ADD_FILE_OF_SITE_RECORD
01-19 15:25:38.799  2540     1 D zxing CameraManager.Calculated framing rect: Rect(270, 858 - 1170, 1533)
01-19 15:25:39.206  2540     1 I Workspace lz.onActivitySaveInstanceState( WrappedStoreListActivity, outState ).
01-19 15:25:39.208  2540     1 I Workspace lz.onActivityStopped( WrappedStoreListActivity, Activity HashCode: 156253397, Task ID: 209 ) STOPPED!
01-19 15:26:30.499  2540   759 D zxing DecodeHandler.Found barcode in 102 ms
01-19 15:26:30.542  2540     1 D zxing CaptureActivity.handleDecodeExternally
01-19 15:26:30.543  2540     1 D zxing CaptureActivity.Sending result
01-19 15:26:32.531  2540     1 I Workspace lz.onActivityPaused( CaptureActivity, Activity HashCode: 177477610, Task ID: 209 ) PAUSED.
01-19 15:26:32.532  2540     1 D Workspace SecureStorage.isVariablesInitiated: Variables are initialized.
01-19 15:26:32.539  2540     1 I Mail CpMailCleaner.setCleanDone: false
01-19 15:26:32.539  2540     1 D Workspace SecureStorage.isVariablesInitiated: Variables are initialized.
01-19 15:26:32.546  2540     1 I Calendar CpCalendarCleaner.setCleanDone: false
01-19 15:26:32.547  2540     1 V Contacts akb.setCleanDone(false)
01-19 15:26:32.549  2540     1 I AppInfra cvg.setAlarm: cp.mobile.infra.CpCleanerService.CLEANUP_ALARM was set for Thu Jan 19 21:26:32 GMT+02:00 2017
01-19 15:26:32.557  2540     1 D Dashboard WrappedStoreListActivity.setLoaderVisibility: visibility = true
01-19 15:26:32.561  2540     1 D AppInfra ManageAndWipeDBDataService.registerFile: file name sent to wipeDB
01-19 15:26:32.563  2540     1 D AppInfra ManageAndWipeDBDataService.registerFile: file name sent to wipeDB
01-19 15:26:32.565  2540     1 D AppInfra ManageAndWipeDBDataService.registerFile: file name sent to wipeDB
01-19 15:26:32.567  2540     1 D AppInfra ManageAndWipeDBDataService.registerFile: file name sent to wipeDB
01-19 15:26:32.569  2540     1 D Dashboard ze.clearAllData()
01-19 15:26:32.580  2540     1 D Dashboard zk.clearAllData: deleted policies: 0
01-19 15:26:32.580  2540     1 D Dashboard zk.clearAllData: deleted catalog items: 1
01-19 15:26:32.582  2540     1 D AppInfra ManageAndWipeDBDataService.registerFile: file name sent to wipeDB
01-19 15:26:32.583  2540     1 E Dashboard zl.setCustomerId: manual enrollment? false
01-19 15:26:32.587  2540     1 D AppInfra ManageAndWipeDBDataService.registerFile: file name sent to wipeDB
01-19 15:26:32.590  2540     1 D AppInfra ManageAndWipeDBDataService.registerFile: file name sent to wipeDB
01-19 15:26:32.592  2540     1 D AppInfra ManageAndWipeDBDataService.registerFile: file name sent to wipeDB
01-19 15:26:32.595  2540     1 D AppInfra ManageAndWipeDBDataService.registerFile: file name sent to wipeDB
01-19 15:26:32.599  2540     1 D AppInfra ManageAndWipeDBDataService.registerFile: file name sent to wipeDB
01-19 15:26:32.599  2540     1 D Dashboard zl.setCustomerId: successfully updated
01-19 15:26:32.600  2540     1 E Dashboard zl.setCustomerId: manual enrollment? true
01-19 15:26:32.605  2540     1 D AppInfra ManageAndWipeDBDataService.registerFile: file name sent to wipeDB
01-19 15:26:32.607  2540     1 D AppInfra ManageAndWipeDBDataService.registerFile: file name sent to wipeDB
01-19 15:26:32.609  2540     1 D AppInfra ManageAndWipeDBDataService.registerFile: file name sent to wipeDB
01-19 15:26:32.612  2540     1 D AppInfra ManageAndWipeDBDataService.registerFile: file name sent to wipeDB
01-19 15:26:32.616  2540     1 D AppInfra ManageAndWipeDBDataService.registerFile: file name sent to wipeDB
01-19 15:26:32.617  2540     1 D Dashboard zl.setCustomerId: successfully updated
01-19 15:26:32.617  2540     1 D Dashboard ze.updateCustomerIfRequired: Successfully updated customer id
01-19 15:26:32.618  2540     1 I Workspace lz.onActivityStarted( WrappedStoreListActivity, Activity HashCode: 156253397, Task ID: 209 ) STARTED!
01-19 15:26:32.618  2540     1 D Dashboard WrappedStoreListActivity.onResume()
01-19 15:26:32.619  2540     1 I Workspace lz.onActivityResumed( WrappedStoreListActivity, Activity HashCode: 156253397, Task ID: 209 ) RESUMED.
01-19 15:26:32.619  2540     1 D Workspace nv.setCurrentActivity: Setting current activity to: WrappedStoreListActivity
01-19 15:26:32.619  2540     1 D Workspace lz.onActivityResumed: Active activities: 3
01-19 15:26:32.619  2540     1 W Workspace AlarmCenter.descheduleAlarm: failed to find a pending intent for alarm id = 3003
01-19 15:26:32.619  2540     1 I Workspace mb.appFrameworkRecovery: Starting.
01-19 15:26:32.619  2540     1 D Workspace AppManager.::isPasscodeNeeded: Passcode is needed = false
01-19 15:26:32.620  2540     1 I AppInfra cvg.cancelAlarm: Canceled alarm for intent cp.mobile.infra.CpCleanerService.CLEANUP_ALARM
01-19 15:26:32.621  2540     1 D Workspace SecureStorage.isVariablesInitiated: Variables are initialized.
01-19 15:26:32.622  2540     1 D Workspace SecureStorage.isVariablesInitiated: Variables are initialized.
01-19 15:26:32.622  2540     1 I Mail CpMailCleaner.checkIfCleanNeeded: not needed!  Next clean set for Thu Jan 19 20:48:28 GMT+02:00 2017
01-19 15:26:32.622  2540     1 D Workspace SecureStorage.isVariablesInitiated: Variables are initialized.
01-19 15:26:32.622  2540     1 D Workspace SecureStorage.isVariablesInitiated: Variables are initialized.
01-19 15:26:32.623  2540     1 I Calendar CpCalendarCleaner.checkIfCleanNeeded: not needed!  Next clean set for Thu Jan 19 20:48:17 GMT+02:00 2017
01-19 15:26:32.624  2540     1 I Workspace mb.isApplicationProtectedByPasscode: Application is protected by passcode.
01-19 15:26:32.624  2540     1 D Workspace mb.shouldAskForPasscode: Passcode was entered in the past.
01-19 15:26:32.624  2540     1 V Workspace mb.getOrCreateKTagForApp: found entry in cache. Site id=172.24.11.149, appId=-1047860588, entry age=1
01-19 15:26:32.624  2540     1 D AppInfra cwj.getKey: * Got ktag! C1142DDBA9DC384BC7562D0FDE020597F53096EF
01-19 15:26:32.624  2540     1 D Dashboard WrappedStoreListActivity.setLoaderVisibility: visibility = true
01-19 15:26:32.624  2540     1 D Dashboard WrappedStoreListActivity.initLayouts: intent = Intent { cmp=com.CheckPoint.SSLVpn/com.CheckPoint.dashboard.ui.activity.WrappedStoreListActivity } ,  pull = true
01-19 15:26:32.625  2540     1 D AppInfra ManageAndWipeDBDataService.registerFile: file name sent to wipeDB
01-19 15:26:32.626  2540     1 I Workspace mb.isApplicationProtectedByPasscode: Application is protected by passcode.
01-19 15:26:32.626  2540     1 D Workspace mb.shouldAskForPasscode: Passcode was entered in the past.
01-19 15:26:32.626  2540     1 V Workspace mb.getOrCreateKTagForApp: found entry in cache. Site id=172.24.11.149, appId=-1047860588, entry age=2
01-19 15:26:32.626  2540     1 D AppInfra cwj.getKey: * Got ktag! C1142DDBA9DC384BC7562D0FDE020597F53096EF
01-19 15:26:32.626  2540     1 I Workspace mb.isApplicationProtectedByPasscode: Application is protected by passcode.
01-19 15:26:32.626  2540     1 D Workspace mb.shouldAskForPasscode: Passcode was entered in the past.
01-19 15:26:32.626  2540     1 V Workspace mb.getOrCreateKTagForApp: found entry in cache. Site id=172.24.11.149, appId=-1047860588, entry age=3
01-19 15:26:32.626  2540     1 D AppInfra cwj.getKey: * Got ktag! C1142DDBA9DC384BC7562D0FDE020597F53096EF
01-19 15:26:32.627  2540     1 D AppInfra ManageAndWipeDBDataService.registerFile: file name sent to wipeDB
01-19 15:26:32.629  2540     1 D AppInfra ManageAndWipeDBDataService.registerFile: file name sent to wipeDB
01-19 15:26:32.630  2540     1 D AppInfra ManageAndWipeDBDataService.registerFile: file name sent to wipeDB
01-19 15:26:32.630  2540     1 I Dashboard WrappedStoreListActivity.WrapToken isManuallyEnrolled: true
01-19 15:26:32.630  2540     1 D Dashboard WrappedStoreListActivity.setLoaderVisibility: visibility = true
01-19 15:26:32.631  2540     1 D AppInfra ManageAndWipeDBDataService.registerFile: file name sent to wipeDB
01-19 15:26:32.632  2540     1 D Dashboard zd.downloadCatalog()
01-19 15:26:32.633  2540     1 D AppInfra ManageAndWipeDBDataService.registerFile: file name sent to wipeDB
01-19 15:26:32.634  2540     1 D AppInfra ManageAndWipeDBDataService.registerFile: file name sent to wipeDB
01-19 15:26:32.635  2540     1 D AppInfra ManageAndWipeDBDataService.registerFile: file name sent to wipeDB
01-19 15:26:32.656  2540   762 D AppInfra ManageAndWipeDBDataService.onHandleIntent: action is : com.CheckPoint.Infrastructure.Data.GlobalConstants.intent.action.ADD_FILE_OF_SITE_RECORD
01-19 15:26:32.665  2540   762 D AppInfra ManageAndWipeDBDataService.onHandleIntent: action is : com.CheckPoint.Infrastructure.Data.GlobalConstants.intent.action.ADD_FILE_OF_SITE_RECORD
01-19 15:26:32.666  2540     1 D Dashboard DownloadService.onStartCommand: Entering with startId: 2
01-19 15:26:32.666  2540   745 D Dashboard DownloadService.run: Entering with startid: 2
01-19 15:26:32.671  2540   762 D AppInfra ManageAndWipeDBDataService.onHandleIntent: action is : com.CheckPoint.Infrastructure.Data.GlobalConstants.intent.action.ADD_FILE_OF_SITE_RECORD
01-19 15:26:32.676  2540   762 D AppInfra ManageAndWipeDBDataService.onHandleIntent: action is : com.CheckPoint.Infrastructure.Data.GlobalConstants.intent.action.ADD_FILE_OF_SITE_RECORD
01-19 15:26:32.681  2540   762 D AppInfra ManageAndWipeDBDataService.onHandleIntent: action is : com.CheckPoint.Infrastructure.Data.GlobalConstants.intent.action.ADD_FILE_OF_SITE_RECORD
01-19 15:26:32.682  2540     1 D Dashboard WrappedStoreListActivity.onReceive: action zd.action.DOWNLOAD_STARTED
01-19 15:26:32.684  2540   762 D AppInfra ManageAndWipeDBDataService.onHandleIntent: action is : com.CheckPoint.Infrastructure.Data.GlobalConstants.intent.action.ADD_FILE_OF_SITE_RECORD
01-19 15:26:32.687  2540   762 D AppInfra ManageAndWipeDBDataService.onHandleIntent: action is : com.CheckPoint.Infrastructure.Data.GlobalConstants.intent.action.ADD_FILE_OF_SITE_RECORD
01-19 15:26:32.689  2540   762 D AppInfra ManageAndWipeDBDataService.onHandleIntent: action is : com.CheckPoint.Infrastructure.Data.GlobalConstants.intent.action.ADD_FILE_OF_SITE_RECORD
01-19 15:26:32.692  2540   762 D AppInfra ManageAndWipeDBDataService.onHandleIntent: action is : com.CheckPoint.Infrastructure.Data.GlobalConstants.intent.action.ADD_FILE_OF_SITE_RECORD
01-19 15:26:32.693  2540   762 D AppInfra ManageAndWipeDBDataService.onHandleIntent: action is : com.CheckPoint.Infrastructure.Data.GlobalConstants.intent.action.ADD_FILE_OF_SITE_RECORD
01-19 15:26:32.696  2540   762 D AppInfra ManageAndWipeDBDataService.onHandleIntent: action is : com.CheckPoint.Infrastructure.Data.GlobalConstants.intent.action.ADD_FILE_OF_SITE_RECORD
01-19 15:26:32.698  2540   762 D AppInfra ManageAndWipeDBDataService.onHandleIntent: action is : com.CheckPoint.Infrastructure.Data.GlobalConstants.intent.action.ADD_FILE_OF_SITE_RECORD
01-19 15:26:32.700  2540   762 D AppInfra ManageAndWipeDBDataService.onHandleIntent: action is : com.CheckPoint.Infrastructure.Data.GlobalConstants.intent.action.ADD_FILE_OF_SITE_RECORD
01-19 15:26:32.703  2540   762 D AppInfra ManageAndWipeDBDataService.onHandleIntent: action is : com.CheckPoint.Infrastructure.Data.GlobalConstants.intent.action.ADD_FILE_OF_SITE_RECORD
01-19 15:26:32.706  2540   762 D AppInfra ManageAndWipeDBDataService.onHandleIntent: action is : com.CheckPoint.Infrastructure.Data.GlobalConstants.intent.action.ADD_FILE_OF_SITE_RECORD
01-19 15:26:32.708  2540   762 D AppInfra ManageAndWipeDBDataService.onHandleIntent: action is : com.CheckPoint.Infrastructure.Data.GlobalConstants.intent.action.ADD_FILE_OF_SITE_RECORD
01-19 15:26:32.710  2540   762 D AppInfra ManageAndWipeDBDataService.onHandleIntent: action is : com.CheckPoint.Infrastructure.Data.GlobalConstants.intent.action.ADD_FILE_OF_SITE_RECORD
01-19 15:26:32.712  2540   762 D AppInfra ManageAndWipeDBDataService.onHandleIntent: action is : com.CheckPoint.Infrastructure.Data.GlobalConstants.intent.action.ADD_FILE_OF_SITE_RECORD
01-19 15:26:32.714  2540   762 D AppInfra ManageAndWipeDBDataService.onHandleIntent: action is : com.CheckPoint.Infrastructure.Data.GlobalConstants.intent.action.ADD_FILE_OF_SITE_RECORD
01-19 15:26:32.716  2540   762 D AppInfra ManageAndWipeDBDataService.onHandleIntent: action is : com.CheckPoint.Infrastructure.Data.GlobalConstants.intent.action.ADD_FILE_OF_SITE_RECORD
01-19 15:26:32.718  2540   762 D AppInfra ManageAndWipeDBDataService.onHandleIntent: action is : com.CheckPoint.Infrastructure.Data.GlobalConstants.intent.action.ADD_FILE_OF_SITE_RECORD
01-19 15:26:32.720  2540   762 D AppInfra ManageAndWipeDBDataService.onHandleIntent: action is : com.CheckPoint.Infrastructure.Data.GlobalConstants.intent.action.ADD_FILE_OF_SITE_RECORD
01-19 15:26:32.722  2540   762 D AppInfra ManageAndWipeDBDataService.onHandleIntent: action is : com.CheckPoint.Infrastructure.Data.GlobalConstants.intent.action.ADD_FILE_OF_SITE_RECORD
01-19 15:26:32.942  2540   745 V Infrastructure CPConnection.MyHostnameVerifier::verify: Session: 2d6bc02caccb1d00, hostname = secureupdates.checkpoint.com
01-19 15:26:32.974  2540     1 I Workspace lz.onActivityStopped( CaptureActivity, Activity HashCode: 177477610, Task ID: 209 ) STOPPED!
