01-19 15:26:32.976  2540     1 I Workspace lz.onActivityDestroyed( CaptureActivity, Activity HashCode: 177477610, Task ID: 209 ) DESTROYED.
01-19 15:26:32.977  2540     1 V Workspace nv.popActivity: removing CaptureActivity from the stack
01-19 15:26:32.977  2540     1 D Workspace lz.onActivityDestroyed: Active activities: 2
01-19 15:26:33.174  2540   763 D Dashboard DownloadService.completedBytes: 448, fileLength: 448
01-19 15:26:33.175  2540     1 D Dashboard WrappedStoreListActivity.onReceive: action zd.action.DOWNLOAD_FINISHED
01-19 15:26:33.175  2540     1 D Dashboard WrappedStoreListActivity.onReceive: action ze.action.CATALOG_REFRESH_FINISHED
01-19 15:26:33.176  2540     1 D Dashboard WrappedStoreListActivity.initLayouts: intent = null ,  pull = false
01-19 15:26:33.176  2540     1 I Workspace mb.isApplicationProtectedByPasscode: Application is protected by passcode.
01-19 15:26:33.176  2540     1 D Workspace mb.shouldAskForPasscode: Passcode was entered in the past.
01-19 15:26:33.176  2540     1 V Workspace mb.getOrCreateKTagForApp: found entry in cache. Site id=172.24.11.149, appId=-1047860588, entry age=4
01-19 15:26:33.177  2540     1 D AppInfra cwj.getKey: * Got ktag! C1142DDBA9DC384BC7562D0FDE020597F53096EF
01-19 15:26:33.177  2540     1 I Workspace mb.isApplicationProtectedByPasscode: Application is protected by passcode.
01-19 15:26:33.177  2540     1 D Workspace mb.shouldAskForPasscode: Passcode was entered in the past.
01-19 15:26:33.177  2540     1 V Workspace mb.getOrCreateKTagForApp: found entry in cache. Site id=172.24.11.149, appId=-1047860588, entry age=5
01-19 15:26:33.177  2540     1 D AppInfra cwj.getKey: * Got ktag! C1142DDBA9DC384BC7562D0FDE020597F53096EF
01-19 15:26:33.180  2540     1 D AppInfra ManageAndWipeDBDataService.registerFile: file name sent to wipeDB
01-19 15:26:33.183  2540     1 D AppInfra ManageAndWipeDBDataService.registerFile: file name sent to wipeDB
01-19 15:26:33.186  2540     1 D AppInfra ManageAndWipeDBDataService.registerFile: file name sent to wipeDB
01-19 15:26:33.186  2540     1 I Dashboard WrappedStoreListActivity.WrapToken isManuallyEnrolled: true
01-19 15:26:33.186  2540     1 D Dashboard WrappedStoreListActivity.setLoaderVisibility: visibility = true
01-19 15:26:33.189  2540   765 D AppInfra ManageAndWipeDBDataService.onHandleIntent: action is : com.CheckPoint.Infrastructure.Data.GlobalConstants.intent.action.ADD_FILE_OF_SITE_RECORD
01-19 15:26:33.193  2540   765 D AppInfra ManageAndWipeDBDataService.onHandleIntent: action is : com.CheckPoint.Infrastructure.Data.GlobalConstants.intent.action.ADD_FILE_OF_SITE_RECORD
01-19 15:26:33.195  2540   764 D AppInfra ManageAndWipeDBDataService.registerFile: file name sent to wipeDB
01-19 15:26:33.197  2540   764 D Dashboard DatabaseService.handleNewCatalog: Received catalog version 1002, local ver 0
01-19 15:26:33.200  2540   764 D AppInfra ManageAndWipeDBDataService.registerFile: file name sent to wipeDB
01-19 15:26:33.200  2540   765 D AppInfra ManageAndWipeDBDataService.onHandleIntent: action is : com.CheckPoint.Infrastructure.Data.GlobalConstants.intent.action.ADD_FILE_OF_SITE_RECORD
01-19 15:26:33.203  2540   764 D AppInfra ManageAndWipeDBDataService.registerFile: file name sent to wipeDB
01-19 15:26:33.205  2540   765 D AppInfra ManageAndWipeDBDataService.onHandleIntent: action is : com.CheckPoint.Infrastructure.Data.GlobalConstants.intent.action.ADD_FILE_OF_SITE_RECORD
01-19 15:26:33.209  2540   765 D AppInfra ManageAndWipeDBDataService.onHandleIntent: action is : com.CheckPoint.Infrastructure.Data.GlobalConstants.intent.action.ADD_FILE_OF_SITE_RECORD
01-19 15:26:33.212  2540   765 D AppInfra ManageAndWipeDBDataService.onHandleIntent: action is : com.CheckPoint.Infrastructure.Data.GlobalConstants.intent.action.ADD_FILE_OF_SITE_RECORD
01-19 15:26:33.218  2540   764 D Dashboard zk.Request not found, inserting new one to row: 1
01-19 15:26:33.230  2540   764 D Dashboard zk.Request not found, inserting new one to row: 2
01-19 15:26:33.236  2540   764 D AppInfra ManageAndWipeDBDataService.registerFile: file name sent to wipeDB
01-19 15:26:33.237  2540   766 D AppInfra ManageAndWipeDBDataService.onHandleIntent: action is : com.CheckPoint.Infrastructure.Data.GlobalConstants.intent.action.ADD_FILE_OF_SITE_RECORD
01-19 15:26:33.243  2540   764 D Dashboard zq.Initial diff: {"a":{"8ttczxjmm1mgbuhsmoe2co8wq":[{"a":"APK","b":-1,"c":3,"d":"8ttczxjmm1mgbuhsmoe2co8wq","e":"7kwungyh9g31ggk3e6hqkjk61"},{"a":"POLICY","b":-1,"c":1,"d":"8ttczxjmm1mgbuhsmoe2co8wq","e":"7kwungyh9g31ggk3e6hqkjk61","f":"b6zhwle4iswqlxqdp2jxnylit"},{"a":"ICON","b":-1,"c":1,"d":"8ttczxjmm1mgbuhsmoe2co8wq","e":"7kwungyh9g31ggk3e6hqkjk61"}],"esr10badkjdqylefsvvpy98wg":[{"a":"APK","b":-1,"c":3,"d":"esr10badkjdqylefsvvpy98wg","e":"ekc18cc2ly1mvb17a19y2tfvb"},{"a":"POLICY","b":-1,"c":1,"d":"esr10badkjdqylefsvvpy98wg","e":"ekc18cc2ly1mvb17a19y2tfvb","f":"b6zhwle4iswqlxqdp2jxnylit"},{"a":"ICON","b":-1,"c":1,"d":"esr10badkjdqylefsvvpy98wg","e":"ekc18cc2ly1mvb17a19y2tfvb"}]},"b":[],"c":1002}
01-19 15:26:33.243  2540   764 D Dashboard zq.Checking Cal2Send(esr10badkjdqylefsvvpy98wg)
01-19 15:26:33.244  2540   764 D Dashboard zq.Need to d/l APK. Local version: -1. Local policy ID: , desired policy ID: null
01-19 15:26:33.244  2540   764 D Dashboard zq.Need to d/l POLICY. Local version: -1. Local policy ID: , desired policy ID: b6zhwle4iswqlxqdp2jxnylit
01-19 15:26:33.244  2540   764 D Dashboard zq.Need to d/l ICON. Local version: -1. Local policy ID: , desired policy ID: null
01-19 15:26:33.244  2540   764 D Dashboard zq.Checking SAP Mobile(8ttczxjmm1mgbuhsmoe2co8wq)
01-19 15:26:33.244  2540   764 D Dashboard zq.Need to d/l APK. Local version: -1. Local policy ID: , desired policy ID: null
01-19 15:26:33.245  2540   764 D Dashboard zq.Need to d/l POLICY. Local version: -1. Local policy ID: , desired policy ID: b6zhwle4iswqlxqdp2jxnylit
01-19 15:26:33.245  2540   764 D Dashboard zq.Need to d/l ICON. Local version: -1. Local policy ID: , desired policy ID: null
01-19 15:26:33.250  2540   764 D Dashboard zq.Final diff: {"a":{"8ttczxjmm1mgbuhsmoe2co8wq":[{"a":"APK","b":-1,"c":3,"d":"8ttczxjmm1mgbuhsmoe2co8wq","e":"7kwungyh9g31ggk3e6hqkjk61"},{"a":"POLICY","b":-1,"c":1,"d":"8ttczxjmm1mgbuhsmoe2co8wq","e":"7kwungyh9g31ggk3e6hqkjk61","f":"b6zhwle4iswqlxqdp2jxnylit"},{"a":"ICON","b":-1,"c":1,"d":"8ttczxjmm1mgbuhsmoe2co8wq","e":"7kwungyh9g31ggk3e6hqkjk61"}],"esr10badkjdqylefsvvpy98wg":[{"a":"APK","b":-1,"c":3,"d":"esr10badkjdqylefsvvpy98wg","e":"ekc18cc2ly1mvb17a19y2tfvb"},{"a":"POLICY","b":-1,"c":1,"d":"esr10badkjdqylefsvvpy98wg","e":"ekc18cc2ly1mvb17a19y2tfvb","f":"b6zhwle4iswqlxqdp2jxnylit"},{"a":"ICON","b":-1,"c":1,"d":"esr10badkjdqylefsvvpy98wg","e":"ekc18cc2ly1mvb17a19y2tfvb"}]},"b":[],"c":1002}
01-19 15:26:33.257  2540   764 D AppInfra ManageAndWipeDBDataService.registerFile: file name sent to wipeDB
01-19 15:26:33.259  2540   764 D AppInfra ManageAndWipeDBDataService.registerFile: file name sent to wipeDB
01-19 15:26:33.261  2540   767 D AppInfra ManageAndWipeDBDataService.onHandleIntent: action is : com.CheckPoint.Infrastructure.Data.GlobalConstants.intent.action.ADD_FILE_OF_SITE_RECORD
01-19 15:26:33.266  2540   767 D AppInfra ManageAndWipeDBDataService.onHandleIntent: action is : com.CheckPoint.Infrastructure.Data.GlobalConstants.intent.action.ADD_FILE_OF_SITE_RECORD
01-19 15:26:33.267  2540   764 D AppInfra ManageAndWipeDBDataService.registerFile: file name sent to wipeDB
01-19 15:26:33.269  2540   764 D AppInfra ManageAndWipeDBDataService.registerFile: file name sent to wipeDB
01-19 15:26:33.269  2540   767 D AppInfra ManageAndWipeDBDataService.onHandleIntent: action is : com.CheckPoint.Infrastructure.Data.GlobalConstants.intent.action.ADD_FILE_OF_SITE_RECORD
01-19 15:26:33.271  2540   764 D AppInfra ManageAndWipeDBDataService.registerFile: file name sent to wipeDB
01-19 15:26:33.273  2540   767 D AppInfra ManageAndWipeDBDataService.onHandleIntent: action is : com.CheckPoint.Infrastructure.Data.GlobalConstants.intent.action.ADD_FILE_OF_SITE_RECORD
01-19 15:26:33.273  2540   764 D AppInfra ManageAndWipeDBDataService.registerFile: file name sent to wipeDB
01-19 15:26:33.276  2540   764 D AppInfra ManageAndWipeDBDataService.registerFile: file name sent to wipeDB
01-19 15:26:33.276  2540   767 D AppInfra ManageAndWipeDBDataService.onHandleIntent: action is : com.CheckPoint.Infrastructure.Data.GlobalConstants.intent.action.ADD_FILE_OF_SITE_RECORD
01-19 15:26:33.277  2540   764 D AppInfra ManageAndWipeDBDataService.registerFile: file name sent to wipeDB
01-19 15:26:33.279  2540   767 D AppInfra ManageAndWipeDBDataService.onHandleIntent: action is : com.CheckPoint.Infrastructure.Data.GlobalConstants.intent.action.ADD_FILE_OF_SITE_RECORD
01-19 15:26:33.280  2540   764 D AppInfra ManageAndWipeDBDataService.registerFile: file name sent to wipeDB
01-19 15:26:33.283  2540   764 D AppInfra ManageAndWipeDBDataService.registerFile: file name sent to wipeDB
01-19 15:26:33.283  2540   767 D AppInfra ManageAndWipeDBDataService.onHandleIntent: action is : com.CheckPoint.Infrastructure.Data.GlobalConstants.intent.action.ADD_FILE_OF_SITE_RECORD
01-19 15:26:33.285  2540   764 D AppInfra ManageAndWipeDBDataService.registerFile: file name sent to wipeDB
01-19 15:26:33.287  2540   764 D Dashboard zd.downloadIcon: 7kwungyh9g31ggk3e6hqkjk61.ico
01-19 15:26:33.287  2540   767 D AppInfra ManageAndWipeDBDataService.onHandleIntent: action is : com.CheckPoint.Infrastructure.Data.GlobalConstants.intent.action.ADD_FILE_OF_SITE_RECORD
01-19 15:26:33.290  2540     1 D Dashboard DownloadService.onStartCommand: Entering with startId: 3
01-19 15:26:33.290  2540   745 D Dashboard DownloadService.run: Entering with startid: 3
01-19 15:26:33.291  2540   767 D AppInfra ManageAndWipeDBDataService.onHandleIntent: action is : com.CheckPoint.Infrastructure.Data.GlobalConstants.intent.action.ADD_FILE_OF_SITE_RECORD
01-19 15:26:33.291  2540     1 D Dashboard WrappedStoreListActivity.onReceive: action zd.action.DOWNLOAD_STARTED
01-19 15:26:33.293  2540   764 D AppInfra ManageAndWipeDBDataService.registerFile: file name sent to wipeDB
01-19 15:26:33.294  2540   767 D AppInfra ManageAndWipeDBDataService.onHandleIntent: action is : com.CheckPoint.Infrastructure.Data.GlobalConstants.intent.action.ADD_FILE_OF_SITE_RECORD
01-19 15:26:33.296  2540   764 D AppInfra ManageAndWipeDBDataService.registerFile: file name sent to wipeDB
01-19 15:26:33.298  2540   764 D AppInfra ManageAndWipeDBDataService.registerFile: file name sent to wipeDB
01-19 15:26:33.299  2540   767 D AppInfra ManageAndWipeDBDataService.onHandleIntent: action is : com.CheckPoint.Infrastructure.Data.GlobalConstants.intent.action.ADD_FILE_OF_SITE_RECORD
01-19 15:26:33.301  2540   764 D AppInfra ManageAndWipeDBDataService.registerFile: file name sent to wipeDB
01-19 15:26:33.302  2540   767 D AppInfra ManageAndWipeDBDataService.onHandleIntent: action is : com.CheckPoint.Infrastructure.Data.GlobalConstants.intent.action.ADD_FILE_OF_SITE_RECORD
01-19 15:26:33.303  2540   764 D AppInfra ManageAndWipeDBDataService.registerFile: file name sent to wipeDB
01-19 15:26:33.305  2540   764 D AppInfra ManageAndWipeDBDataService.registerFile: file name sent to wipeDB
01-19 15:26:33.305  2540   767 D AppInfra ManageAndWipeDBDataService.onHandleIntent: action is : com.CheckPoint.Infrastructure.Data.GlobalConstants.intent.action.ADD_FILE_OF_SITE_RECORD
01-19 15:26:33.307  2540   764 D AppInfra ManageAndWipeDBDataService.registerFile: file name sent to wipeDB
01-19 15:26:33.309  2540   767 D AppInfra ManageAndWipeDBDataService.onHandleIntent: action is : com.CheckPoint.Infrastructure.Data.GlobalConstants.intent.action.ADD_FILE_OF_SITE_RECORD
01-19 15:26:33.310  2540   764 D AppInfra ManageAndWipeDBDataService.registerFile: file name sent to wipeDB
01-19 15:26:33.312  2540   764 D AppInfra ManageAndWipeDBDataService.registerFile: file name sent to wipeDB
01-19 15:26:33.313  2540   767 D AppInfra ManageAndWipeDBDataService.onHandleIntent: action is : com.CheckPoint.Infrastructure.Data.GlobalConstants.intent.action.ADD_FILE_OF_SITE_RECORD
01-19 15:26:33.313  2540   764 D Dashboard zd.downloadIcon: ekc18cc2ly1mvb17a19y2tfvb.ico
01-19 15:26:33.315  2540   764 D Dashboard zd.downloadPolicies()
01-19 15:26:33.315  2540     1 D Dashboard DownloadService.onStartCommand: Entering with startId: 4
01-19 15:26:33.317  2540   767 D AppInfra ManageAndWipeDBDataService.onHandleIntent: action is : com.CheckPoint.Infrastructure.Data.GlobalConstants.intent.action.ADD_FILE_OF_SITE_RECORD
01-19 15:26:33.317  2540   764 D AppInfra ManageAndWipeDBDataService.registerFile: file name sent to wipeDB
01-19 15:26:33.319  2540   764 D AppInfra ManageAndWipeDBDataService.registerFile: file name sent to wipeDB
01-19 15:26:33.321  2540   767 D AppInfra ManageAndWipeDBDataService.onHandleIntent: action is : com.CheckPoint.Infrastructure.Data.GlobalConstants.intent.action.ADD_FILE_OF_SITE_RECORD
01-19 15:26:33.322  2540   764 D AppInfra ManageAndWipeDBDataService.registerFile: file name sent to wipeDB
01-19 15:26:33.324  2540   767 D AppInfra ManageAndWipeDBDataService.onHandleIntent: action is : com.CheckPoint.Infrastructure.Data.GlobalConstants.intent.action.ADD_FILE_OF_SITE_RECORD
01-19 15:26:33.325  2540     1 D Dashboard DownloadService.onStartCommand: Entering with startId: 5
01-19 15:26:33.327  2540   764 D AppInfra ManageAndWipeDBDataService.registerFile: file name sent to wipeDB
01-19 15:26:33.328  2540   767 D AppInfra ManageAndWipeDBDataService.onHandleIntent: action is : com.CheckPoint.Infrastructure.Data.GlobalConstants.intent.action.ADD_FILE_OF_SITE_RECORD
01-19 15:26:33.332  2540   767 D AppInfra ManageAndWipeDBDataService.onHandleIntent: action is : com.CheckPoint.Infrastructure.Data.GlobalConstants.intent.action.ADD_FILE_OF_SITE_RECORD
01-19 15:26:33.336  2540   764 D AppInfra ManageAndWipeDBDataService.registerFile: file name sent to wipeDB
01-19 15:26:33.336  2540   767 D AppInfra ManageAndWipeDBDataService.onHandleIntent: action is : com.CheckPoint.Infrastructure.Data.GlobalConstants.intent.action.ADD_FILE_OF_SITE_RECORD
01-19 15:26:33.340  2540   767 D AppInfra ManageAndWipeDBDataService.onHandleIntent: action is : com.CheckPoint.Infrastructure.Data.GlobalConstants.intent.action.ADD_FILE_OF_SITE_RECORD
01-19 15:26:33.343  2540   767 D AppInfra ManageAndWipeDBDataService.onHandleIntent: action is : com.CheckPoint.Infrastructure.Data.GlobalConstants.intent.action.ADD_FILE_OF_SITE_RECORD
01-19 15:26:33.346  2540   767 D AppInfra ManageAndWipeDBDataService.onHandleIntent: action is : com.CheckPoint.Infrastructure.Data.GlobalConstants.intent.action.ADD_FILE_OF_SITE_RECORD
01-19 15:26:33.350  2540   767 D AppInfra ManageAndWipeDBDataService.onHandleIntent: action is : com.CheckPoint.Infrastructure.Data.GlobalConstants.intent.action.ADD_FILE_OF_SITE_RECORD
01-19 15:26:33.361  2540     1 D Dashboard WrappedStoreListActivity.onReceive: action ze.action.FILL_UI
01-19 15:26:33.361  2540     1 D Dashboard WrappedStoreListActivity.Got 2 UI items
01-19 15:26:33.361  2540     1 D Dashboard WrappedStoreListActivity.setLoaderVisibility: visibility = false
01-19 15:26:33.363  2540   764 D AppInfra ManageAndWipeDBDataService.registerFile: file name sent to wipeDB
01-19 15:26:33.381  2540     1 D AppInfra ManageAndWipeDBDataService.registerFile: file name sent to wipeDB
01-19 15:26:33.383  2540     1 D AppInfra ManageAndWipeDBDataService.registerFile: file name sent to wipeDB
01-19 15:26:33.385  2540     1 D AppInfra ManageAndWipeDBDataService.registerFile: file name sent to wipeDB
01-19 15:26:33.386  2540     1 D Dashboard zd.downloadIcon: ekc18cc2ly1mvb17a19y2tfvb.ico
01-19 15:26:33.395  2540     1 D AppInfra ManageAndWipeDBDataService.registerFile: file name sent to wipeDB
01-19 15:26:33.397  2540     1 D AppInfra ManageAndWipeDBDataService.registerFile: file name sent to wipeDB
01-19 15:26:33.398  2540     1 D AppInfra ManageAndWipeDBDataService.registerFile: file name sent to wipeDB
01-19 15:26:33.399  2540     1 D Dashboard zd.downloadIcon: 7kwungyh9g31ggk3e6hqkjk61.ico
01-19 15:26:33.406  2540     1 D Dashboard WrappedStoreListActivity.onReceive: action ze.action.FILL_UI
01-19 15:26:33.407  2540     1 D Dashboard WrappedStoreListActivity.Got 2 UI items
01-19 15:26:33.407  2540     1 D Dashboard WrappedStoreListActivity.setLoaderVisibility: visibility = false
01-19 15:26:33.407  2540     1 D Dashboard DownloadService.onStartCommand: Entering with startId: 6
01-19 15:26:33.408  2540     1 D Dashboard DownloadService.onStartCommand: Entering with startId: 7
01-19 15:26:33.411  2540   768 D AppInfra ManageAndWipeDBDataService.onHandleIntent: action is : com.CheckPoint.Infrastructure.Data.GlobalConstants.intent.action.ADD_FILE_OF_SITE_RECORD
01-19 15:26:33.413  2540     1 D AppInfra ManageAndWipeDBDataService.registerFile: file name sent to wipeDB
01-19 15:26:33.415  2540   768 D AppInfra ManageAndWipeDBDataService.onHandleIntent: action is : com.CheckPoint.Infrastructure.Data.GlobalConstants.intent.action.ADD_FILE_OF_SITE_RECORD
01-19 15:26:33.416  2540     1 D AppInfra ManageAndWipeDBDataService.registerFile: file name sent to wipeDB
01-19 15:26:33.418  2540     1 D AppInfra ManageAndWipeDBDataService.registerFile: file name sent to wipeDB
01-19 15:26:33.419  2540   768 D AppInfra ManageAndWipeDBDataService.onHandleIntent: action is : com.CheckPoint.Infrastructure.Data.GlobalConstants.intent.action.ADD_FILE_OF_SITE_RECORD
01-19 15:26:33.420  2540     1 D Dashboard zd.downloadIcon: ekc18cc2ly1mvb17a19y2tfvb.ico
01-19 15:26:33.422  2540   768 D AppInfra ManageAndWipeDBDataService.onHandleIntent: action is : com.CheckPoint.Infrastructure.Data.GlobalConstants.intent.action.ADD_FILE_OF_SITE_RECORD
01-19 15:26:33.423  2540     1 D AppInfra ManageAndWipeDBDataService.registerFile: file name sent to wipeDB
01-19 15:26:33.425  2540   768 D AppInfra ManageAndWipeDBDataService.onHandleIntent: action is : com.CheckPoint.Infrastructure.Data.GlobalConstants.intent.action.ADD_FILE_OF_SITE_RECORD
01-19 15:26:33.425  2540     1 D AppInfra ManageAndWipeDBDataService.registerFile: file name sent to wipeDB
01-19 15:26:33.427  2540     1 D AppInfra ManageAndWipeDBDataService.registerFile: file name sent to wipeDB
01-19 15:26:33.428  2540     1 D Dashboard zd.downloadIcon: 7kwungyh9g31ggk3e6hqkjk61.ico
01-19 15:26:33.428  2540   768 D AppInfra ManageAndWipeDBDataService.onHandleIntent: action is : com.CheckPoint.Infrastructure.Data.GlobalConstants.intent.action.ADD_FILE_OF_SITE_RECORD
01-19 15:26:33.432  2540   768 D AppInfra ManageAndWipeDBDataService.onHandleIntent: action is : com.CheckPoint.Infrastructure.Data.GlobalConstants.intent.action.ADD_FILE_OF_SITE_RECORD
01-19 15:26:33.433  2540     1 D Dashboard DownloadService.onStartCommand: Entering with startId: 8
01-19 15:26:33.433  2540     1 D Dashboard DownloadService.onStartCommand: Entering with startId: 9
01-19 15:26:33.436  2540   768 D AppInfra ManageAndWipeDBDataService.onHandleIntent: action is : com.CheckPoint.Infrastructure.Data.GlobalConstants.intent.action.ADD_FILE_OF_SITE_RECORD
01-19 15:26:33.439  2540   768 D AppInfra ManageAndWipeDBDataService.onHandleIntent: action is : com.CheckPoint.Infrastructure.Data.GlobalConstants.intent.action.ADD_FILE_OF_SITE_RECORD
01-19 15:26:33.441  2540   768 D AppInfra ManageAndWipeDBDataService.onHandleIntent: action is : com.CheckPoint.Infrastructure.Data.GlobalConstants.intent.action.ADD_FILE_OF_SITE_RECORD
01-19 15:26:33.443  2540   768 D AppInfra ManageAndWipeDBDataService.onHandleIntent: action is : com.CheckPoint.Infrastructure.Data.GlobalConstants.intent.action.ADD_FILE_OF_SITE_RECORD
01-19 15:26:33.446  2540   768 D AppInfra ManageAndWipeDBDataService.onHandleIntent: action is : com.CheckPoint.Infrastructure.Data.GlobalConstants.intent.action.ADD_FILE_OF_SITE_RECORD
01-19 15:26:33.448  2540   768 D AppInfra ManageAndWipeDBDataService.onHandleIntent: action is : com.CheckPoint.Infrastructure.Data.GlobalConstants.intent.action.ADD_FILE_OF_SITE_RECORD
01-19 15:26:33.551  2540   745 D Dashboard DownloadService.run: Entering with startid: 4
01-19 15:26:33.552  2540   769 D Dashboard DownloadService.completedBytes: 8016, fileLength: 8016
01-19 15:26:33.554  2540     1 D Dashboard WrappedStoreListActivity.onReceive: action zd.action.DOWNLOAD_FINISHED
01-19 15:26:33.555  2540     1 D Dashboard WrappedStoreListActivity.onReceive: action ze.action.ICON_READY
01-19 15:26:33.578  2540     1 D Dashboard WrappedStoreListActivity.onReceive: action zd.action.DOWNLOAD_STARTED
01-19 15:26:33.586  2540   770 D Dashboard zk.Updated 1 rows with new icon version: 1
01-19 15:26:33.593  2540   770 D AppInfra ManageAndWipeDBDataService.registerFile: file name sent to wipeDB
01-19 15:26:33.594  2540   771 D AppInfra ManageAndWipeDBDataService.onHandleIntent: action is : com.CheckPoint.Infrastructure.Data.GlobalConstants.intent.action.ADD_FILE_OF_SITE_RECORD
01-19 15:26:33.597  2540   770 D Dashboard zt.Removing resource from diff belonging to this request: 8ttczxjmm1mgbuhsmoe2co8wq
01-19 15:26:33.603  2540   770 D AppInfra ManageAndWipeDBDataService.registerFile: file name sent to wipeDB
01-19 15:26:33.605  2540   772 D AppInfra ManageAndWipeDBDataService.onHandleIntent: action is : com.CheckPoint.Infrastructure.Data.GlobalConstants.intent.action.ADD_FILE_OF_SITE_RECORD
01-19 15:26:33.605  2540   770 D AppInfra ManageAndWipeDBDataService.registerFile: file name sent to wipeDB
01-19 15:26:33.609  2540   772 D AppInfra ManageAndWipeDBDataService.onHandleIntent: action is : com.CheckPoint.Infrastructure.Data.GlobalConstants.intent.action.ADD_FILE_OF_SITE_RECORD
01-19 15:26:33.614  2540   770 D AppInfra ManageAndWipeDBDataService.registerFile: file name sent to wipeDB
01-19 15:26:33.615  2540   773 D AppInfra ManageAndWipeDBDataService.onHandleIntent: action is : com.CheckPoint.Infrastructure.Data.GlobalConstants.intent.action.ADD_FILE_OF_SITE_RECORD
01-19 15:26:33.635  2540     1 D Dashboard WrappedStoreListActivity.onReceive: action ze.action.FILL_UI
01-19 15:26:33.635  2540     1 D Dashboard WrappedStoreListActivity.Got 2 UI items
01-19 15:26:33.635  2540     1 D Dashboard WrappedStoreListActivity.setLoaderVisibility: visibility = false
01-19 15:26:33.644  2540     1 D AppInfra ManageAndWipeDBDataService.registerFile: file name sent to wipeDB
01-19 15:26:33.646  2540     1 D AppInfra ManageAndWipeDBDataService.registerFile: file name sent to wipeDB
01-19 15:26:33.647  2540     1 D AppInfra ManageAndWipeDBDataService.registerFile: file name sent to wipeDB
01-19 15:26:33.648  2540     1 D Dashboard zd.downloadIcon: ekc18cc2ly1mvb17a19y2tfvb.ico
01-19 15:26:33.655  2540     1 D Dashboard DownloadService.onStartCommand: Entering with startId: 10
01-19 15:26:33.655  2540   774 D AppInfra ManageAndWipeDBDataService.onHandleIntent: action is : com.CheckPoint.Infrastructure.Data.GlobalConstants.intent.action.ADD_FILE_OF_SITE_RECORD
01-19 15:26:33.658  2540   774 D AppInfra ManageAndWipeDBDataService.onHandleIntent: action is : com.CheckPoint.Infrastructure.Data.GlobalConstants.intent.action.ADD_FILE_OF_SITE_RECORD
01-19 15:26:33.661  2540   774 D AppInfra ManageAndWipeDBDataService.onHandleIntent: action is : com.CheckPoint.Infrastructure.Data.GlobalConstants.intent.action.ADD_FILE_OF_SITE_RECORD
01-19 15:26:33.692  2540   745 D Dashboard DownloadService.run: Entering with startid: 5
01-19 15:26:33.693  2540   775 D Dashboard DownloadService.completedBytes: 8192, fileLength: 8192
01-19 15:26:33.694  2540     1 D Dashboard WrappedStoreListActivity.onReceive: action zd.action.DOWNLOAD_FINISHED
01-19 15:26:33.694  2540     1 D Dashboard WrappedStoreListActivity.onReceive: action ze.action.ICON_READY
01-19 15:26:33.710  2540     1 D Dashboard WrappedStoreListActivity.onReceive: action zd.action.DOWNLOAD_STARTED
01-19 15:26:33.718  2540   776 D Dashboard zk.Updated 1 rows with new icon version: 1
01-19 15:26:33.720  2540   776 D AppInfra ManageAndWipeDBDataService.registerFile: file name sent to wipeDB
01-19 15:26:33.722  2540   777 D AppInfra ManageAndWipeDBDataService.onHandleIntent: action is : com.CheckPoint.Infrastructure.Data.GlobalConstants.intent.action.ADD_FILE_OF_SITE_RECORD
01-19 15:26:33.726  2540   776 D Dashboard zt.Removing resource from diff belonging to this request: esr10badkjdqylefsvvpy98wg
01-19 15:26:33.732  2540   776 D AppInfra ManageAndWipeDBDataService.registerFile: file name sent to wipeDB
01-19 15:26:33.734  2540   776 D AppInfra ManageAndWipeDBDataService.registerFile: file name sent to wipeDB
01-19 15:26:33.734  2540   778 D AppInfra ManageAndWipeDBDataService.onHandleIntent: action is : com.CheckPoint.Infrastructure.Data.GlobalConstants.intent.action.ADD_FILE_OF_SITE_RECORD
01-19 15:26:33.738  2540   778 D AppInfra ManageAndWipeDBDataService.onHandleIntent: action is : com.CheckPoint.Infrastructure.Data.GlobalConstants.intent.action.ADD_FILE_OF_SITE_RECORD
01-19 15:26:33.744  2540   776 D AppInfra ManageAndWipeDBDataService.registerFile: file name sent to wipeDB
01-19 15:26:33.744  2540   779 D AppInfra ManageAndWipeDBDataService.onHandleIntent: action is : com.CheckPoint.Infrastructure.Data.GlobalConstants.intent.action.ADD_FILE_OF_SITE_RECORD
01-19 15:26:33.763  2540     1 D Dashboard WrappedStoreListActivity.onReceive: action ze.action.FILL_UI
01-19 15:26:33.763  2540     1 D Dashboard WrappedStoreListActivity.Got 2 UI items
01-19 15:26:33.763  2540     1 D Dashboard WrappedStoreListActivity.setLoaderVisibility: visibility = false
01-19 15:26:33.850  2540   745 D Dashboard DownloadService.run: Entering with startid: 6
01-19 15:26:33.850  2540   780 D Dashboard DownloadService.completedBytes: 288, fileLength: 288
01-19 15:26:33.851  2540     1 D Dashboard WrappedStoreListActivity.onReceive: action zd.action.DOWNLOAD_FINISHED
01-19 15:26:33.854  2540     1 D Dashboard WrappedStoreListActivity.onReceive: action zd.action.DOWNLOAD_STARTED
01-19 15:26:33.863  2540   781 D AppInfra ManageAndWipeDBDataService.registerFile: file name sent to wipeDB
01-19 15:26:33.864  2540   782 D AppInfra ManageAndWipeDBDataService.onHandleIntent: action is : com.CheckPoint.Infrastructure.Data.GlobalConstants.intent.action.ADD_FILE_OF_SITE_RECORD
01-19 15:26:33.869  2540   781 D Dashboard zk.Updated 0 rows with new policy: b6zhwle4iswqlxqdp2jxnylit
01-19 15:26:33.880  2540   781 D Dashboard zk.Policy not found, inserting new one to row: 1
01-19 15:26:33.893  2540   781 D Dashboard zk.Updated request 8ttczxjmm1mgbuhsmoe2co8wq with new policy: b6zhwle4iswqlxqdp2jxnylit. 1 rows updated.
01-19 15:26:33.904  2540   781 D Dashboard zk.Updated request esr10badkjdqylefsvvpy98wg with new policy: b6zhwle4iswqlxqdp2jxnylit. 1 rows updated.
01-19 15:26:33.905  2540   781 D Dashboard zw.Removing policy of this request id: 8ttczxjmm1mgbuhsmoe2co8wq
01-19 15:26:33.905  2540   781 D Dashboard zw.Removing policy of this request id: esr10badkjdqylefsvvpy98wg
01-19 15:26:33.908  2540   781 D Dashboard zw.New catalog diff: {"a":{"8ttczxjmm1mgbuhsmoe2co8wq":[{"a":"APK","b":-1,"c":3,"d":"8ttczxjmm1mgbuhsmoe2co8wq","e":"7kwungyh9g31ggk3e6hqkjk61"}],"esr10badkjdqylefsvvpy98wg":[{"a":"APK","b":-1,"c":3,"d":"esr10badkjdqylefsvvpy98wg","e":"ekc18cc2ly1mvb17a19y2tfvb"}]},"b":[],"c":1002}
01-19 15:26:33.913  2540   781 D AppInfra ManageAndWipeDBDataService.registerFile: file name sent to wipeDB
01-19 15:26:33.915  2540   783 D AppInfra ManageAndWipeDBDataService.onHandleIntent: action is : com.CheckPoint.Infrastructure.Data.GlobalConstants.intent.action.ADD_FILE_OF_SITE_RECORD
01-19 15:26:33.916  2540   781 D AppInfra ManageAndWipeDBDataService.registerFile: file name sent to wipeDB
01-19 15:26:33.920  2540   783 D AppInfra ManageAndWipeDBDataService.onHandleIntent: action is : com.CheckPoint.Infrastructure.Data.GlobalConstants.intent.action.ADD_FILE_OF_SITE_RECORD
01-19 15:26:33.927  2540   781 D AppInfra ManageAndWipeDBDataService.registerFile: file name sent to wipeDB
01-19 15:26:33.928  2540   784 D AppInfra ManageAndWipeDBDataService.onHandleIntent: action is : com.CheckPoint.Infrastructure.Data.GlobalConstants.intent.action.ADD_FILE_OF_SITE_RECORD
01-19 15:26:33.929  2540   781 D AppInfra ManageAndWipeDBDataService.registerFile: file name sent to wipeDB
01-19 15:26:33.933  2540   784 D AppInfra ManageAndWipeDBDataService.onHandleIntent: action is : com.CheckPoint.Infrastructure.Data.GlobalConstants.intent.action.ADD_FILE_OF_SITE_RECORD
01-19 15:26:33.933  2540   745 D Dashboard DownloadService.run: Entering with startid: 7
01-19 15:26:33.933  2540   785 D Dashboard DownloadService.completedBytes: 8192, fileLength: 8192
01-19 15:26:33.934  2540     1 D Dashboard WrappedStoreListActivity.onReceive: action zd.action.DOWNLOAD_FINISHED
01-19 15:26:33.934  2540     1 D Dashboard WrappedStoreListActivity.onReceive: action ze.action.ICON_READY
01-19 15:26:33.936  2540     1 D Dashboard WrappedStoreListActivity.onReceive: action zd.action.DOWNLOAD_STARTED
01-19 15:26:33.938  2540   781 D AppInfra ManageAndWipeDBDataService.registerFile: file name sent to wipeDB
01-19 15:26:33.940  2540   781 D AppInfra ManageAndWipeDBDataService.registerFile: file name sent to wipeDB
01-19 15:26:33.949  2540   786 D AppInfra ManageAndWipeDBDataService.onHandleIntent: action is : com.CheckPoint.Infrastructure.Data.GlobalConstants.intent.action.ADD_FILE_OF_SITE_RECORD
01-19 15:26:33.953  2540   786 D AppInfra ManageAndWipeDBDataService.onHandleIntent: action is : com.CheckPoint.Infrastructure.Data.GlobalConstants.intent.action.ADD_FILE_OF_SITE_RECORD
01-19 15:26:33.964  2540     1 D Dashboard WrappedStoreListActivity.onReceive: action ze.action.FILL_UI
01-19 15:26:33.964  2540     1 D Dashboard WrappedStoreListActivity.Got 2 UI items
01-19 15:26:33.965  2540     1 D Dashboard WrappedStoreListActivity.setLoaderVisibility: visibility = false
01-19 15:26:33.973  2540   781 D Dashboard zk.Updated 1 rows with new icon version: 3
01-19 15:26:33.975  2540   781 D AppInfra ManageAndWipeDBDataService.registerFile: file name sent to wipeDB
01-19 15:26:33.983  2540   781 D AppInfra ManageAndWipeDBDataService.registerFile: file name sent to wipeDB
01-19 15:26:33.985  2540   781 D AppInfra ManageAndWipeDBDataService.registerFile: file name sent to wipeDB
01-19 15:26:33.989  2540   787 D AppInfra ManageAndWipeDBDataService.onHandleIntent: action is : com.CheckPoint.Infrastructure.Data.GlobalConstants.intent.action.ADD_FILE_OF_SITE_RECORD
01-19 15:26:33.994  2540   781 D AppInfra ManageAndWipeDBDataService.registerFile: file name sent to wipeDB
01-19 15:26:33.994  2540   787 D AppInfra ManageAndWipeDBDataService.onHandleIntent: action is : com.CheckPoint.Infrastructure.Data.GlobalConstants.intent.action.ADD_FILE_OF_SITE_RECORD
01-19 15:26:33.996  2540   781 D AppInfra ManageAndWipeDBDataService.registerFile: file name sent to wipeDB
01-19 15:26:33.999  2540   787 D AppInfra ManageAndWipeDBDataService.onHandleIntent: action is : com.CheckPoint.Infrastructure.Data.GlobalConstants.intent.action.ADD_FILE_OF_SITE_RECORD
01-19 15:26:34.002  2540   781 D AppInfra ManageAndWipeDBDataService.registerFile: file name sent to wipeDB
01-19 15:26:34.004  2540   787 D AppInfra ManageAndWipeDBDataService.onHandleIntent: action is : com.CheckPoint.Infrastructure.Data.GlobalConstants.intent.action.ADD_FILE_OF_SITE_RECORD
01-19 15:26:34.004  2540   781 D AppInfra ManageAndWipeDBDataService.registerFile: file name sent to wipeDB
01-19 15:26:34.007  2540   787 D AppInfra ManageAndWipeDBDataService.onHandleIntent: action is : com.CheckPoint.Infrastructure.Data.GlobalConstants.intent.action.ADD_FILE_OF_SITE_RECORD
01-19 15:26:34.010  2540   787 D AppInfra ManageAndWipeDBDataService.onHandleIntent: action is : com.CheckPoint.Infrastructure.Data.GlobalConstants.intent.action.ADD_FILE_OF_SITE_RECORD
01-19 15:26:34.013  2540   745 D Dashboard DownloadService.run: Entering with startid: 8
01-19 15:26:34.013  2540   788 D Dashboard DownloadService.completedBytes: 8016, fileLength: 8016
01-19 15:26:34.014  2540   787 D AppInfra ManageAndWipeDBDataService.onHandleIntent: action is : com.CheckPoint.Infrastructure.Data.GlobalConstants.intent.action.ADD_FILE_OF_SITE_RECORD
01-19 15:26:34.014  2540     1 D Dashboard WrappedStoreListActivity.onReceive: action zd.action.DOWNLOAD_FINISHED
01-19 15:26:34.014  2540     1 D Dashboard WrappedStoreListActivity.onReceive: action ze.action.ICON_READY
01-19 15:26:34.020  2540     1 D Dashboard WrappedStoreListActivity.onReceive: action zd.action.DOWNLOAD_STARTED
01-19 15:26:34.030  2540     1 D Dashboard WrappedStoreListActivity.onReceive: action ze.action.FILL_UI
01-19 15:26:34.030  2540     1 D Dashboard WrappedStoreListActivity.Got 2 UI items
01-19 15:26:34.030  2540     1 D Dashboard WrappedStoreListActivity.setLoaderVisibility: visibility = false
01-19 15:26:34.040  2540   781 D Dashboard zk.Updated 1 rows with new icon version: 3
01-19 15:26:34.042  2540   781 D AppInfra ManageAndWipeDBDataService.registerFile: file name sent to wipeDB
01-19 15:26:34.051  2540   781 D AppInfra ManageAndWipeDBDataService.registerFile: file name sent to wipeDB
01-19 15:26:34.052  2540   781 D AppInfra ManageAndWipeDBDataService.registerFile: file name sent to wipeDB
01-19 15:26:34.053  2540   789 D AppInfra ManageAndWipeDBDataService.onHandleIntent: action is : com.CheckPoint.Infrastructure.Data.GlobalConstants.intent.action.ADD_FILE_OF_SITE_RECORD
01-19 15:26:34.059  2540   789 D AppInfra ManageAndWipeDBDataService.onHandleIntent: action is : com.CheckPoint.Infrastructure.Data.GlobalConstants.intent.action.ADD_FILE_OF_SITE_RECORD
01-19 15:26:34.060  2540   781 D AppInfra ManageAndWipeDBDataService.registerFile: file name sent to wipeDB
01-19 15:26:34.062  2540   781 D AppInfra ManageAndWipeDBDataService.registerFile: file name sent to wipeDB
01-19 15:26:34.064  2540   789 D AppInfra ManageAndWipeDBDataService.onHandleIntent: action is : com.CheckPoint.Infrastructure.Data.GlobalConstants.intent.action.ADD_FILE_OF_SITE_RECORD
01-19 15:26:34.068  2540   781 D AppInfra ManageAndWipeDBDataService.registerFile: file name sent to wipeDB
01-19 15:26:34.068  2540   789 D AppInfra ManageAndWipeDBDataService.onHandleIntent: action is : com.CheckPoint.Infrastructure.Data.GlobalConstants.intent.action.ADD_FILE_OF_SITE_RECORD
01-19 15:26:34.071  2540   781 D AppInfra ManageAndWipeDBDataService.registerFile: file name sent to wipeDB
01-19 15:26:34.075  2540   789 D AppInfra ManageAndWipeDBDataService.onHandleIntent: action is : com.CheckPoint.Infrastructure.Data.GlobalConstants.intent.action.ADD_FILE_OF_SITE_RECORD
01-19 15:26:34.079  2540   789 D AppInfra ManageAndWipeDBDataService.onHandleIntent: action is : com.CheckPoint.Infrastructure.Data.GlobalConstants.intent.action.ADD_FILE_OF_SITE_RECORD
01-19 15:26:34.082  2540   789 D AppInfra ManageAndWipeDBDataService.onHandleIntent: action is : com.CheckPoint.Infrastructure.Data.GlobalConstants.intent.action.ADD_FILE_OF_SITE_RECORD
01-19 15:26:34.093  2540     1 D Dashboard WrappedStoreListActivity.onReceive: action ze.action.FILL_UI
01-19 15:26:34.094  2540     1 D Dashboard WrappedStoreListActivity.Got 2 UI items
01-19 15:26:34.094  2540     1 D Dashboard WrappedStoreListActivity.setLoaderVisibility: visibility = false
01-19 15:26:34.098  2540   745 D Dashboard DownloadService.run: Entering with startid: 9
01-19 15:26:34.098  2540   790 D Dashboard DownloadService.completedBytes: 8192, fileLength: 8192
01-19 15:26:34.120  2540     1 D Dashboard WrappedStoreListActivity.onReceive: action zd.action.DOWNLOAD_FINISHED
01-19 15:26:34.120  2540     1 D Dashboard WrappedStoreListActivity.onReceive: action ze.action.ICON_READY
01-19 15:26:34.123  2540     1 D Dashboard WrappedStoreListActivity.onReceive: action zd.action.DOWNLOAD_STARTED
01-19 15:26:34.134  2540   791 D Dashboard zk.Updated 1 rows with new icon version: 3
01-19 15:26:34.137  2540   791 D AppInfra ManageAndWipeDBDataService.registerFile: file name sent to wipeDB
01-19 15:26:34.139  2540   792 D AppInfra ManageAndWipeDBDataService.onHandleIntent: action is : com.CheckPoint.Infrastructure.Data.GlobalConstants.intent.action.ADD_FILE_OF_SITE_RECORD
01-19 15:26:34.161  2540   791 D AppInfra ManageAndWipeDBDataService.registerFile: file name sent to wipeDB
01-19 15:26:34.163  2540   793 D AppInfra ManageAndWipeDBDataService.onHandleIntent: action is : com.CheckPoint.Infrastructure.Data.GlobalConstants.intent.action.ADD_FILE_OF_SITE_RECORD
01-19 15:26:34.164  2540   791 D AppInfra ManageAndWipeDBDataService.registerFile: file name sent to wipeDB
01-19 15:26:34.169  2540   793 D AppInfra ManageAndWipeDBDataService.onHandleIntent: action is : com.CheckPoint.Infrastructure.Data.GlobalConstants.intent.action.ADD_FILE_OF_SITE_RECORD
01-19 15:26:34.180  2540   791 D AppInfra ManageAndWipeDBDataService.registerFile: file name sent to wipeDB
01-19 15:26:34.183  2540   794 D AppInfra ManageAndWipeDBDataService.onHandleIntent: action is : com.CheckPoint.Infrastructure.Data.GlobalConstants.intent.action.ADD_FILE_OF_SITE_RECORD
01-19 15:26:34.184  2540   791 D AppInfra ManageAndWipeDBDataService.registerFile: file name sent to wipeDB
01-19 15:26:34.185  2540   745 D Dashboard DownloadService.run: Entering with startid: 10
01-19 15:26:34.185  2540   795 D Dashboard DownloadService.completedBytes: 8016, fileLength: 8016
01-19 15:26:34.189  2540     1 D Dashboard WrappedStoreListActivity.onReceive: action zd.action.DOWNLOAD_STARTED
01-19 15:26:34.190  2540     1 D Dashboard WrappedStoreListActivity.onReceive: action zd.action.DOWNLOAD_FINISHED
01-19 15:26:34.190  2540   794 D AppInfra ManageAndWipeDBDataService.onHandleIntent: action is : com.CheckPoint.Infrastructure.Data.GlobalConstants.intent.action.ADD_FILE_OF_SITE_RECORD
01-19 15:26:34.190  2540     1 D Dashboard WrappedStoreListActivity.onReceive: action ze.action.ICON_READY
01-19 15:26:34.198  2540   791 D AppInfra ManageAndWipeDBDataService.registerFile: file name sent to wipeDB
01-19 15:26:34.201  2540   791 D AppInfra ManageAndWipeDBDataService.registerFile: file name sent to wipeDB
01-19 15:26:34.210  2540   796 D AppInfra ManageAndWipeDBDataService.onHandleIntent: action is : com.CheckPoint.Infrastructure.Data.GlobalConstants.intent.action.ADD_FILE_OF_SITE_RECORD
01-19 15:26:34.216  2540   796 D AppInfra ManageAndWipeDBDataService.onHandleIntent: action is : com.CheckPoint.Infrastructure.Data.GlobalConstants.intent.action.ADD_FILE_OF_SITE_RECORD
01-19 15:26:34.239  2540     1 D Dashboard WrappedStoreListActivity.onReceive: action ze.action.FILL_UI
01-19 15:26:34.239  2540     1 D Dashboard WrappedStoreListActivity.Got 2 UI items
01-19 15:26:34.239  2540     1 D Dashboard WrappedStoreListActivity.setLoaderVisibility: visibility = false
01-19 15:26:34.250  2540   791 D Dashboard zk.Updated 1 rows with new icon version: 3
01-19 15:26:34.253  2540   791 D AppInfra ManageAndWipeDBDataService.registerFile: file name sent to wipeDB
01-19 15:26:34.267  2540   797 D Dashboard DownloadService.completedBytes: 8192, fileLength: 8192
01-19 15:26:34.269  2540   791 D AppInfra ManageAndWipeDBDataService.registerFile: file name sent to wipeDB
01-19 15:26:34.272  2540   791 D AppInfra ManageAndWipeDBDataService.registerFile: file name sent to wipeDB
01-19 15:26:34.274  2540   798 D AppInfra ManageAndWipeDBDataService.onHandleIntent: action is : com.CheckPoint.Infrastructure.Data.GlobalConstants.intent.action.ADD_FILE_OF_SITE_RECORD
01-19 15:26:34.277  2540     1 D Dashboard WrappedStoreListActivity.onReceive: action zd.action.DOWNLOAD_FINISHED
01-19 15:26:34.278  2540     1 D Dashboard WrappedStoreListActivity.onReceive: action ze.action.ICON_READY
01-19 15:26:34.280  2540   798 D AppInfra ManageAndWipeDBDataService.onHandleIntent: action is : com.CheckPoint.Infrastructure.Data.GlobalConstants.intent.action.ADD_FILE_OF_SITE_RECORD
01-19 15:26:34.286  2540   798 D AppInfra ManageAndWipeDBDataService.onHandleIntent: action is : com.CheckPoint.Infrastructure.Data.GlobalConstants.intent.action.ADD_FILE_OF_SITE_RECORD
01-19 15:26:34.298  2540   791 D Dashboard zk.Updated 1 rows with new icon version: 3
01-19 15:26:34.300  2540   791 D AppInfra ManageAndWipeDBDataService.registerFile: file name sent to wipeDB
01-19 15:26:34.302  2540   799 D AppInfra ManageAndWipeDBDataService.onHandleIntent: action is : com.CheckPoint.Infrastructure.Data.GlobalConstants.intent.action.ADD_FILE_OF_SITE_RECORD
01-19 15:26:34.315  2540   791 D AppInfra ManageAndWipeDBDataService.registerFile: file name sent to wipeDB
01-19 15:26:34.316  2540   800 D AppInfra ManageAndWipeDBDataService.onHandleIntent: action is : com.CheckPoint.Infrastructure.Data.GlobalConstants.intent.action.ADD_FILE_OF_SITE_RECORD
01-19 15:26:34.317  2540   791 D AppInfra ManageAndWipeDBDataService.registerFile: file name sent to wipeDB
01-19 15:26:34.326  2540   800 D AppInfra ManageAndWipeDBDataService.onHandleIntent: action is : com.CheckPoint.Infrastructure.Data.GlobalConstants.intent.action.ADD_FILE_OF_SITE_RECORD
01-19 15:26:34.328  2540   791 D AppInfra ManageAndWipeDBDataService.registerFile: file name sent to wipeDB
01-19 15:26:34.330  2540   791 D AppInfra ManageAndWipeDBDataService.registerFile: file name sent to wipeDB
01-19 15:26:34.333  2540   800 D AppInfra ManageAndWipeDBDataService.onHandleIntent: action is : com.CheckPoint.Infrastructure.Data.GlobalConstants.intent.action.ADD_FILE_OF_SITE_RECORD
01-19 15:26:34.337  2540   800 D AppInfra ManageAndWipeDBDataService.onHandleIntent: action is : com.CheckPoint.Infrastructure.Data.GlobalConstants.intent.action.ADD_FILE_OF_SITE_RECORD
01-19 15:26:34.339  2540   791 D AppInfra ManageAndWipeDBDataService.registerFile: file name sent to wipeDB
01-19 15:26:34.341  2540   791 D AppInfra ManageAndWipeDBDataService.registerFile: file name sent to wipeDB
01-19 15:26:34.342  2540   800 D AppInfra ManageAndWipeDBDataService.onHandleIntent: action is : com.CheckPoint.Infrastructure.Data.GlobalConstants.intent.action.ADD_FILE_OF_SITE_RECORD
01-19 15:26:34.346  2540   800 D AppInfra ManageAndWipeDBDataService.onHandleIntent: action is : com.CheckPoint.Infrastructure.Data.GlobalConstants.intent.action.ADD_FILE_OF_SITE_RECORD
01-19 15:26:34.367  2540     1 D Dashboard WrappedStoreListActivity.onReceive: action ze.action.FILL_UI
01-19 15:26:34.367  2540     1 D Dashboard WrappedStoreListActivity.Got 2 UI items
01-19 15:26:34.368  2540     1 D Dashboard WrappedStoreListActivity.setLoaderVisibility: visibility = false
01-19 15:26:34.371  2540   791 D AppInfra ManageAndWipeDBDataService.registerFile: file name sent to wipeDB
01-19 15:26:34.373  2540   791 D AppInfra ManageAndWipeDBDataService.registerFile: file name sent to wipeDB
01-19 15:26:48.187  3801     1 D Calendar EmailProvider.onCreate()
01-19 15:26:48.189  3801     1 D Calendar EmailProvider.startInitializer: EmailProviderInitializer thread started!
01-19 15:26:48.200  3801     1 D Calendar CalendarProvider2.startInitializer: EmailProviderInitializer thread started!
01-19 15:26:48.201  3801   632 D Calendar EmailProvider.startInitializer: Waiting for next command...
01-19 15:26:48.201  3801   632 D Calendar EmailProvider.startInitializer: Running  command 'first-initialization', seq=0
01-19 15:26:48.202  3801   632 D Calendar EmailProvider.initializeProvider: Waiting for key
01-19 15:26:48.202  3801   632 E AppInfra cur.siteManager == null
01-19 15:26:48.203  3801   633 D Calendar CalendarProvider2.startInitializer:run() Waiting for next command...
01-19 15:26:48.204  3801     1 D Calendar CalendarProvider2.onCreate: initializing provider...
01-19 15:26:48.207  3801   633 D Calendar CalendarProvider2.startInitializer:run() Running  command 'first-init', seq=0
01-19 15:26:48.208  3801   633 D Calendar CalendarProvider2.postInitialize: Waiting for key...
01-19 15:26:48.208  3801   633 E AppInfra cur.siteManager == null
01-19 15:26:48.210  3801     1 D Workspace AppManager.::onCreate(): Application
01-19 15:26:48.635  3801     1 D Workspace mb.Constructor:
01-19 15:26:48.636  3801     1 D Workspace mb.getAFDefaultKey: Generating default key
01-19 15:26:48.640  3801     1 D Workspace mb.createKTag: Creating kTag.
01-19 15:26:48.719  3801     1 D Workspace SecureStorage.setKey(): got key with hash = 4A85FF0FA1477564D6B10F4DC607F9E6FD725567, with length = 32
01-19 15:26:48.744  3801     1 V Workspace mv.startService: called
01-19 15:26:48.761  3801     1 V Workspace mv.bindService: called
01-19 15:26:48.768  3801     1 D Workspace nv.UIManager: Constructor.
01-19 15:26:48.785  3801     1 D Workspace SecureStorage.testPasscodeTestKey: called
01-19 15:26:48.793  3801     1 D Workspace SecureStorage.getFromConfigurationFile: Decrypt value is null for key=test_configuration.
01-19 15:26:48.794  3801     1 D Workspace SecureStorage.getString: Failed to get value for key: test_configuration
01-19 15:26:48.795  3801     1 I Workspace mb.isApplicationProtectedByPasscode: Application is protected by passcode.
01-19 15:26:48.797  3801     1 D Workspace SessionManager.init(): called
01-19 15:26:48.803  3801     1 V Workspace AppManager.AppManager.getAppVersion: 7.0.43
01-19 15:26:48.804  3801     1 D Workspace AppManager.isApplicationUpdated: Current version: 7.0.43 Previous version: 7.0.43
01-19 15:26:48.805  3801     1 D Workspace AppManager.isApplicationUpdated: Application not updated, return false!
01-19 15:26:48.805  3801     1 I AppInfra PRNGFixes.applyOpenSSLFix: No need to apply fix.
01-19 15:26:48.806  3801   658 D Workspace SessionManager.startStateMachine(): state = UNKNOWN
01-19 15:26:48.807  3801   658 D Workspace SecureStorage.testPasscodeTestKey: called
01-19 15:26:48.808  3801   658 D Workspace SecureStorage.getFromConfigurationFile: Decrypt value is null for key=test_configuration.
01-19 15:26:48.809  3801   658 D Workspace SecureStorage.getString: Failed to get value for key: test_configuration
01-19 15:26:48.809  3801   658 I Workspace mb.isApplicationProtectedByPasscode: Application is protected by passcode.
01-19 15:26:48.809  3801   658 D Workspace mb.shouldAskForPasscode: Passcode was not entered in the past.
01-19 15:26:48.809  3801   658 D Workspace AppManager.::setPasscodeNeeded: SessionManager is setting passcode needed to = true
01-19 15:26:48.809  3801   658 D Workspace SecureStorage.testPasscodeTestKey: called
01-19 15:26:48.810  3801   658 D Workspace SecureStorage.getFromConfigurationFile: Decrypt value is null for key=test_configuration.
01-19 15:26:48.810  3801   658 D Workspace SecureStorage.getString: Failed to get value for key: test_configuration
01-19 15:26:48.811  3801   658 I Workspace mb.isApplicationProtectedByPasscode: Application is protected by passcode.
01-19 15:26:48.811  3801   658 D Workspace mb.shouldAskForPasscode: Passcode was not entered in the past.
01-19 15:26:48.811  3801   658 D Workspace SessionManager.keyRetrievalFlow(): Started
01-19 15:26:48.812  3801     1 D Workspace nm.Ctor - nm
01-19 15:26:48.823  3801   658 V Workspace mv.startService: called
01-19 15:26:48.826  3801     1 D Workspace AppManager.UpdateReceiver: registerReceiver action: com.CheckPoint.SSLVpn.action.upgradeFinished
01-19 15:26:48.827  3801     1 D Workspace AppManager.DeviceId hash: 7ebb3698-f2f5-430e-8220-8f7cede404a7
01-19 15:26:48.827  3801     1 D Workspace AppManager.Client version: 7.0.43
01-19 15:26:48.832  3801   659 D Workspace SessionManager.No key in sp
01-19 15:26:48.834  3801   658 V Workspace mv.bindService: called
01-19 15:26:48.837  3801   658 D Workspace nh.tryToGetTag: SDS connector isn't connected
01-19 15:26:48.838  3801     1 D Workspace SecureStorage.testPasscodeTestKey: called
01-19 15:26:48.840  3801     1 D Workspace SecureStorage.getFromConfigurationFile: Decrypt value is null for key=test_configuration.
01-19 15:26:48.841  3801     1 D Workspace SecureStorage.getString: Failed to get value for key: test_configuration
01-19 15:26:48.844  3801     1 I Workspace mb.isApplicationProtectedByPasscode: Application is protected by passcode.
01-19 15:26:48.844  3801     1 D Workspace mb.shouldAskForPasscode: Passcode was not entered in the past.
01-19 15:26:48.845  3801     1 D Workspace AppManager.::setPasscodeNeeded: AppManager is setting passcode needed to = true
01-19 15:26:48.845  3801     1 D Workspace SecureStorage.testPasscodeTestKey: called
01-19 15:26:48.847  3801     1 D Workspace SecureStorage.getFromConfigurationFile: Decrypt value is null for key=test_configuration.
01-19 15:26:48.847  3801     1 D Workspace SecureStorage.getString: Failed to get value for key: test_configuration
01-19 15:26:48.848  3801     1 I Workspace mb.isApplicationProtectedByPasscode: Application is protected by passcode.
01-19 15:26:48.921  3801     1 D SecMsg czm.init()
01-19 15:26:48.945  3801     1 D SecMsg czm.init() 1
01-19 15:26:48.947  3801     1 D SecMsg czm.init() done
01-19 15:26:48.948  3801     1 I AppInfra cvg.init()
01-19 15:26:48.977  3801   668 I Workspace hk.getROMManufacturer: ROM manufacturer is google
01-19 15:26:48.982  3801     1 D SecMsg czm.INIT_CONTROLLER_OBSERVABLE: libs loaded = true site_and_key ready= false
01-19 15:26:48.989  3801     1 D Dashboard yx.init()
01-19 15:26:48.991  3801     1 D Workspace AppManager.onCreate: Application finished
01-19 15:26:49.014  3801   666 E AppInfra SQLiteOpenHelper.startOpening mParallelDBOpening = 1
01-19 15:26:49.060  3801   659 D Workspace SessionManager.tryGW(): start
01-19 15:26:49.061  3801   659 D Workspace SessionManager.tryGW(): creating connection
01-19 15:26:49.067  3801   668 I Chromium cr_LibraryLoader.Time to load native libraries: 73 ms (timestamps 246-319)
01-19 15:26:49.068  3801   668 I Chromium cr_LibraryLoader.Expected native library version number "49.0.2623.105", actual native library version number "49.0.2623.105"
01-19 15:26:49.070  3801   668 I Chromium cr_LibraryLoader.Expected native library version number "49.0.2623.105", actual native library version number "49.0.2623.105"
