01-19 14:48:45.581  2540     1 D Workspace mb.shouldAskForPasscode: Passcode was entered in the past.
01-19 14:48:45.581  2540     1 I Workspace lz.checkIfPasscodeIsNeeded( CPMobile, configurationChange = false ):
01-19 14:48:45.581  2540     1 D Workspace AppManager.::isPasscodeNeeded: Passcode is needed = true
01-19 14:48:45.582  2540     1 D Workspace mb.shouldAskForPasscode: Passcode was entered in the past.
01-19 14:48:45.582  2540     1 I Workspace lz.checkIfPasscodeIsNeeded( CPMobile, configurationChange = false ): Passcode is needed, checking if needs to show passcode activity.
01-19 14:48:45.582  2540     1 D Workspace mb.shouldAskForPasscode: Passcode was entered in the past.
01-19 14:48:45.582  2540     1 I Workspace lz.checkIfPasscodeIsNeeded( CPMobile, configurationChange = false ): Not showing passcode activity.
01-19 14:48:45.582  2540     1 I Workspace lz.checkIfPasscodeIsNeeded( CPMobile, configurationChange = false ): Passcode entered in the past.
01-19 14:48:45.582  2540     1 I Workspace lz.checkIfPasscodeIsNeeded( CPMobile, configurationChange = false ): VPN site model is null.
01-19 14:48:45.604  2540     1 D Calendar ExchangeServiceService.!!! EAS ExchangeService, onStartCommand, startingUp=false, instance created=false
01-19 14:48:45.604  2540   670 D Calendar ExchangeServiceService.onCreate: onCreate thread started, will now wait for KTag
01-19 14:48:45.605  2540   670 D Calendar ExchangeServiceService.onCreate: Got KTag, proceed with onCreate
01-19 14:48:45.605  2540   670 D Calendar ExchangeServiceService.onCreate: Acquiring sSyncLock
01-19 14:48:45.605  2540   670 D Calendar ExchangeServiceService.onCreate: sSyncLock acquired, starting EmailServiceProxy service
01-19 14:48:45.606  2540   670 D Calendar ExchangeServiceService.onCreate: Done starting EmailServiceProxy service
01-19 14:48:45.607  2540     1 W Common we.requireInstance: activeSite null, can't set site's shared pref file
01-19 14:48:45.608  2540     1 D Common CalendarSettingsFragment.migratePreferenceV7:: no need.
01-19 14:48:45.609  2540   672 D Calendar ExchangeServiceService.onStartCommand: thread acquiring sSyncLock...
01-19 14:48:45.610  2540   672 D Calendar ExchangeServiceService.onStartCommand: thread sSyncLock acquired!
01-19 14:48:45.611  2540     1 V Workspace CPMobileService.In CPMobileService.onCreate(): XXXX   Started    XXXX
01-19 14:48:45.618  2540     1 V Infrastructure ErrorCenter.registerNetworkErrorListenerRegistering listener: NetworkManager
01-19 14:48:45.618  2540     1 V Infrastructure ErrorCenter.registerNetworkConnectivityListenerRegistering listener:NetworkManager
01-19 14:48:45.618  2540     1 D Workspace mv.onServiceConnected: >>>>>>>>>>>>> connected to service
01-19 14:48:45.620  2540     1 D Workspace SessionManagerReceiver.Got: com.checkpoint.SSLVpn.action.start_bg_key_flow
01-19 14:48:45.620  2540     1 D Workspace SessionManager.nextState(): Got START_KEY_FLOW
01-19 14:48:45.620  2540     1 I Workspace mb.isApplicationProtectedByPasscode: Application is protected by passcode.
01-19 14:48:45.620  2540     1 D Workspace mb.shouldAskForPasscode: Passcode was entered in the past.
01-19 14:48:45.620  2540     1 D Workspace SessionManagerReceiver.Got: com.checkpoint.SSLVpn.action.has_ktag
01-19 14:48:45.620  2540     1 D Workspace AppManager.isApplicationUpdated: Current version: 7.0.43 Previous version: 7.0.43
01-19 14:48:45.621  2540     1 D Workspace AppManager.isApplicationUpdated: Application not updated, return false!
01-19 14:48:45.621  2540     1 D Workspace SessionManager.nextState(): Got GOT_KTAG
01-19 14:48:45.624  2540     1 D Workspace nj.fromJSONObject: {"version":1,"sites":[{"siteName":"172.24.11.149","siteType":"vpn_site","siteDetails":{"uuidID":"9e614965-4933-4322-adf6-6aa12e406b4d","name":"172.24.11.149","host":"172.24.11.149","user":"alkh","appList":{"mAppList":[{"protocol":0,"appId":"s9d4AUG5j5tK71RMvf3d2JWx0Ec=","serverVersion":2007,"userEmail":"***","forcePortalCreds":true,"title":"Mail Application","appType":"MailClientApp","position":0,"user_hidden":false},{"protocol":0,"appId":"s9d4AUG5j5tK71RMvf3d2JWx0Ec=","serverVersion":2007,"userEmail":"***","forcePortalCreds":true,"title":"Calendar","appType":"CalendarClientApp","position":1,"user_hidden":false},{"protocol":0,"appId":"s9d4AUG5j5tK71RMvf3d2JWx0Ec=","serverVersion":2007,"userEmail":"***","forcePortalCreds":true,"title":"Contacts","appType":"ContactsClientApp","position":2,"user_hidden":false},{"title":"Messages","accessStatus":0,"bookmarkComment":"","comment":"","appType":"SecureMessagingApp","position":3,"user_hidden":false},{"title":"Saved Files","accessStatus":0,"bookmarkComment":"","comment":"","appType":"RepositoryApp","position":4,"user_hidden":false},{"subType":"web","bookmarkID":"READ_ONLY","bookmarkComment":"","URL":"https:\/\/172.24.11.149\/sslvpn\/Portal\/AccessPortalLink?url=aHR0cDovLzEyNy4wLjAuMS9jbG9ja0FwcGxpY2F0aW9uL2Nsb2NrX2FwcGxpY2F0aW9u","hidden":false,"title":"World Clock","appType":"BookmarkWebApp","position":5,"user_hidden":false}]},"GWvalidCert":false,"cn":"gw-af37f3 VPN Certificate","fingerprint":"ALIA NEAT DOOR WAY FORM LURK GROW IONS LANE FIRE TESS JOLT","CAcert":"MIIC0zCC...39sOrCJA==\n","GWcert":"MIIDcTCC...+RJaMRmMlw\n","MultiPortalPrefix":"\/sslvpn\/","URLprefix":"\/MobileApp\/","sessionID":"***","sessionHost":"172.24.11.149","sessionObscureKey":"***","type":"VPN","port":0,"state":"CONNECTED","lockState":false,"CloudServicesSupportVersion":"1","authSchemes":[{"authMethodType":2}],"capabilities":[],"policy":{"version":1,"PolicyKey":"1940285517","allow_offline":true,"allow_store_credentials":false,"report_jail_break_detection":true,"require_app_passcode":true,"allow_copy_paste":true,"allow_push_notifications":false,"request_user_to_send_geo_location":false,"hide_connect_anyway_in_trust":false,"app_passcode_policy":{"allow_simple_passcode":false,"enable_inactivity_time_lock":true,"enable_passcode_expiration":false,"enable_passcode_failed_attempts":true,"enable_passcode_history":true,"require_alphanumeric_passcode":false,"max_inactivity_time_lock":15,"max_passcode_failed_attempts":4,"min_passcode_complex_characters":0,"min_passcode_length":6,"passcode_expiration_period":90,"passcode_history":8},"mAllowClientCertExport":false,"MAIL":true,"CALENDAR":true,"CONTACTS":true,"action_upon_jail_broken_devices":"REPORT","allow_caching_docsec_creds":true,"allow_caching_docsec_keys":true,"allow_adding_docs_to_new_messages":true,"allow_meeting_reminders":true,"reminders_show_location":true,"reminders_show_subject":true,"allow_storing_docs_in_mydocuments":true,"allow_calendar_sync":true,"allow_contacts_from_global_address_list":true,"allow_offline_mail":true,"allow_offline_calendar":true,"allow_offline_contacts":true,"calendar_from_offline_interval":1,"calendar_to_offline_interval":1,"mail_offline_interval":14,"calendar_from_offline_interval_unit":"MONTHS","calendar_to_offline_interval_unit":"MONTHS","contacts_synchronizetion_method":"MAIL_SRV_TO_APP","mail_offline_interval_unit":"DAYS","reminders_show_start_end_time":true,"cache_mail_parts":"HEADERS_AND_BODY","2devicesync_first_name_field":true,"2devicesync_last_name_field":true,"2devicesync_company_field":false,"2devicesync_all_contact_fields":false,"2devicesync_home_address_field":false,"2devicesync_email_field":false,"2devicesync_phone_number_field":true,"2appsync_first_name_field":true,"2appsync_last_name_field":true,"2appsync_company_field":false,"2appsync_all_contact_fields":true,"2appsync_home_address_field":false,"2appsync_email_field":true,"2appsync_phone_number_field":true,"allow_secure_chat":true,"allow_anonymous_data_collection":true,"save_master_key_method":"ON_GW","exchange_sync_failover_mode":false,"enable_print_mails":false,"future_compatibility_fields":{"wrapping_token":"***"}},"gw_ver":"AT_LEAST_GYPSY","geoPermission":"ASK_USER","encryptionKeyFormat":"X.509","encryptionKeyData":"***","hashedChainIdentifier":"FIX_CRL_(DO_IN_BACKGROUND)","certCRLExpirationTime":0,"sessionTimeout":1485434895126,"activeSessionTimeout":604800,"isReloginSupported":true,"clientSideTimeout":3600,"reAuthenticationTimeout":604500,"linkTransDomainEnabled":false,"authenticatedUserID":"c06cae40"}}],"activeSite":"172.24.11.149"}
01-19 14:48:45.626  2540     1 D Workspace IconAppItem.Constructing
01-19 14:48:45.627  2540     1 D Workspace MailAppItem.Constructing Mail App.
01-19 14:48:45.627  2540     1 D Workspace IconAppItem.Constructing
01-19 14:48:45.627  2540     1 D Workspace MailAppItem.Constructing Mail App.
01-19 14:48:45.627  2540     1 D Workspace kn.Constructing Calendar App.
01-19 14:48:45.628  2540     1 D Workspace IconAppItem.Constructing
01-19 14:48:45.628  2540     1 D Workspace MailAppItem.Constructing Mail App.
01-19 14:48:45.628  2540     1 D Workspace ko.Constructing Contacts App.
01-19 14:48:45.628  2540     1 D Workspace IconAppItem.Constructing
01-19 14:48:45.628  2540     1 D Workspace ku.Constructing Secure Messaging.
01-19 14:48:45.629  2540     1 D Workspace IconAppItem.Constructing
01-19 14:48:45.629  2540     1 D Workspace kt.Constructing Repository App.
01-19 14:48:45.632  2540     1 V Infrastructure VpnSiteModel.fromJSONObject(): state from SQL = CONNECTED
01-19 14:48:45.643  2540     1 I Infrastructure Policy.fromJSONObject: Stored policy scheme version: 1 Current policy scheme version: 1
01-19 14:48:45.647  2540     1 E Infrastructure SharingPolicy.Couldn't parse key: key_00100_share_protected_extensions. Using default value
01-19 14:48:45.647  2540     1 E Infrastructure SharingPolicy.Couldn't parse key: key_00110_share_unprotected_extensions. Using default value
01-19 14:48:45.647  2540     1 E Infrastructure SharingPolicy.Couldn't parse key: key_00120_open_extensions. Using default value
01-19 14:48:45.647  2540     1 E Infrastructure SharingPolicy.Couldn't parse key: key_00150_accept_protected_extensions. Using default value
01-19 14:48:45.647  2540     1 E Infrastructure SharingPolicy.Couldn't parse key: key_00160_accept_unprotected_extensions. Using default value
01-19 14:48:45.647  2540     1 E Infrastructure SharingPolicy.No default value for key: docs_templates_files, leaving empty
01-19 14:48:45.657  2540     1 V Workspace nj.fixStateOnLoad: connected but offline
01-19 14:48:45.665  2540     1 D Infrastructure VpnSiteModel.changeState: Site 172.24.11.149 changed state from CONNECTED to OFFLINE
01-19 14:48:45.665  2540     1 I Workspace nj.onSiteStateChanged
01-19 14:48:45.665  2540     1 D Workspace nj.sendSiteStateChangedBroadcast: ==== Broadcast sent state = OFFLINE
01-19 14:48:45.666  2540     1 D Workspace hb.loadSiteList: Sites count after load = 1
01-19 14:48:45.666  2540     1 D Workspace SessionManager.data is null
01-19 14:48:45.666  2540     1 D Workspace SessionManager.site locked = false
01-19 14:48:45.703  2540     1 D Workspace SessionManagerReceiver.Got: com.checkpoint.sslvpn.action.entering_foreground
01-19 14:48:45.704  2540     1 D Workspace SessionManager.nextState(): Got ENTER_FOREGROUND
01-19 14:48:45.704  2540     1 D Workspace SessionManagerReceiver.Got: com.CheckPoint.SSLVpn.Action.SDService_Bound
01-19 14:48:45.704  2540     1 D Workspace mv.getKey: >>>>>>>>>>>>> Sent get request with key id=globalKTag
01-19 14:48:45.705  2540     1 D AppInfra cwj.onReceive: Received com.CheckPoint.Service.intent.action.SITE_CHANGED_STATE
01-19 14:48:45.705  2540     1 D AppInfra cwj.onReceive: Received com.CheckPoint.Service.intent.action.SITE_CHANGED_STATE
01-19 14:48:45.705  2540     1 D Workspace SessionManagerReceiver.Got: com.CheckPoint.SSLVpn.action.SiteListLoaded
01-19 14:48:45.705  2540     1 D Workspace SessionManager.nextState(): Got GOT_SITE_LIST
01-19 14:48:45.705  2540     1 D Workspace mb.initializeSite: Starting site initializing.
01-19 14:48:45.705  2540     1 W Workspace mb.initializeSite: Initializing a different site.
01-19 14:48:45.707  2540     1 E Workspace mb.getOrCreateMKTag: Site key is not null KeyStore entry key is null Not notifying.
01-19 14:48:45.707  2540     1 D Workspace mb.getOrCreateKeyStore: found CP172.24.11.149.keystore, loading it.
01-19 14:48:45.707  2540     1 D Workspace mb.getOrCreateKeyStore: KeyStore file size = 390
01-19 14:48:45.707  2540     1 D Workspace mb.getOrCreateKeyStore: KeyStore file hash = g3cgDe0WkJ9YyDvdHqfDgW+ZR/I=

01-19 14:48:45.708  2540     1 D Workspace mb.loadKS: called
01-19 14:48:45.734  2540     1 D Workspace mb.loadKeyStore: KeyStore file = CP172.24.11.149.keystore hash = 8377200DED16909F58C83BDD1EA7C3816F9947F2, size = 390
01-19 14:48:45.757  2540     1 D Workspace mb.initializeSite: Finished site initializing.
01-19 14:48:45.757  2540     1 I Workspace LocalBroadcastReceiver.onReceive Got broadcast: Action = com.CheckPoint.SSLVpn.action.SiteListLoaded need to load site list? false
01-19 14:48:45.758  2540     1 V Workspace mb.initializeSite: site already initialized
01-19 14:48:45.758  2540     1 V Workspace lr.onReceive: com.CheckPoint.SSLVpn.action.SiteListLoaded
01-19 14:48:45.758  2540     1 D Workspace CPMobileService.In CPMobileService.recoverSiteState(): site=172.24.11.149, state=OFFLINE
01-19 14:48:45.759  2540     1 I Workspace nj.onSiteStateChanged
01-19 14:48:45.759  2540     1 D Workspace nj.sendSiteStateChangedBroadcast: ==== Broadcast sent state = OFFLINE
01-19 14:48:45.759  2540     1 V Workspace NetworkManager.onActiveSiteChanged: no network, no need to verify
01-19 14:48:45.760  2540     1 D AppInfra cwj.onReceive: Received bk.action.KEY_SET
01-19 14:48:45.760  2540     1 D AppInfra cwj.onReceive: KEY_SET
01-19 14:48:45.761  2540     1 D SecMsg czm.onKeySet, site is disconnected.
01-19 14:48:45.761  2540     1 D AppInfra cwj.onReceive: Received bk.action.KEY_SET
01-19 14:48:45.761  2540     1 D AppInfra cwj.onReceive: KEY_SET
01-19 14:48:45.766  2540     1 D AppInfra ManageAndWipeDBDataService.registerFile: file name sent to wipeDB
01-19 14:48:45.767  2540     1 D Dashboard zk.initInstance()
01-19 14:48:45.768  2540     1 I Workspace mb.isApplicationProtectedByPasscode: Application is protected by passcode.
01-19 14:48:45.769  2540     1 D Workspace mb.shouldAskForPasscode: Passcode was entered in the past.
01-19 14:48:45.769  2540     1 D Workspace mb.getOrCreateKTagForApp: Lock acquired: site ID = 172.24.11.149
01-19 14:48:45.769  2540     1 D Workspace mb.getOrCreateKTagForApp: KeyStore has the following entries: -1047860588, -1992220757, -1572556328 
01-19 14:48:45.769  2540     1 D Workspace mb.getOrCreateKTagForApp: KeyStore contains the key for the appID -1047860588
01-19 14:48:45.786  2540     1 D Workspace mb.getOrCreateKTagForApp: Lock released: File = CP172.24.11.149.keystore
01-19 14:48:45.786  2540     1 D AppInfra cwj.getKey: * Got ktag! C1142DDBA9DC384BC7562D0FDE020597F53096EF
01-19 14:48:45.786  2540     1 E AppInfra SQLiteOpenHelper.startOpening mParallelDBOpening = 2
01-19 14:48:45.786  2540     1 E AppInfra SQLiteOpenHelper.startOpening mParallelDBOpening = 3
01-19 14:48:46.119  2540   640 V Infrastructure CPConnection.MyHostnameVerifier::verify: Session: 3d329ec1f24f32b6, hostname = e.crashlytics.com
01-19 14:48:46.162  2540     1 D AppInfra cwj.onReceive: Received com.CheckPoint.Service.intent.action.SITE_CHANGED_STATE
01-19 14:48:46.162  2540     1 D AppInfra cwj.onReceive: Received com.CheckPoint.Service.intent.action.SITE_CHANGED_STATE
01-19 14:48:46.168  2540     1 I Chromium cr_BrowserStartup.Initializing chromium process, singleProcess=true
01-19 14:48:46.168  2540     1 I Chromium cr_LibraryLoader.Expected native library version number "49.0.2623.105", actual native library version number "49.0.2623.105"
01-19 14:48:46.211  2540   689 W Chromium cr_media.Requires BLUETOOTH permission
01-19 14:48:46.212  2540   661 I Workspace hb.registerDeviceWithGCM: Google Play Services status: SUCCESS
01-19 14:48:46.217  2540   661 D Infrastructure CleanupManager.cleanOldProcessByExPid: found com.CheckPoint.SSLVpn:sdservice
01-19 14:48:46.218  2540   661 V Infrastructure CleanupManager.cleanOldProcessByExPidfound 0 process with same UID
01-19 14:48:46.224  2540   661 V Infrastructure CleanupManager.killProcessesByExPidfound 0 process with same UID
01-19 14:48:46.224  2540   661 V Infrastructure CleanupManager.cleanOldProcessesByNamefound 0 process with name = logcat
01-19 14:48:46.230  2540   661 V Infrastructure CleanupManager.killProcessesByNamefound 2 process with name = logcat
01-19 14:48:46.235  2540   661 I Infrastructure FileExpansionManager.startDownloadServiceIfRequired: Debuggable or full build.
01-19 14:48:46.235  2540     1 V Workspace NetworkManager.onReceive: android.net.conn.CONNECTIVITY_CHANGE
01-19 14:48:46.235  2540     1 V Workspace NetworkManager.onReceive: active site - [172.24.11.149 - OFFLINE]
01-19 14:48:46.237  2540     1 V Workspace NetworkManager.getConnectivityStatusLollipop: Found a network - [type: WIFI[], state: CONNECTED/CONNECTED, reason: (unspecified), extra: "cp po", failover: false, available: true, roaming: false, metered: false]
01-19 14:48:46.237  2540     1 V Workspace NetworkManager.updateConnectivityStatus: online status = true
01-19 14:48:46.238  2540     1 V Workspace NetworkManager.verifyGatewayReachable
01-19 14:48:46.240  2540   695 V Infrastructure CPConnection.setRequestMethod: called
01-19 14:48:46.241  2540     1 I Workspace hb.registerDeviceWithGCM: Google Play Services status: SUCCESS
01-19 14:48:46.241  2540   695 V Infrastructure CPConnection.prepareConnection: Preparing connection 
01-19 14:48:46.241  2540   695 V Infrastructure CPConnection.prepareConnection: Creating URL: https://172.24.11.149/_cpmobile/MobileHello
01-19 14:48:46.242  2540   695 V Infrastructure CPConnection.prepareConnection: Starting connection...	Connect timeout=1000, read timeout=1000
01-19 14:48:46.242  2540     1 D Workspace nm.Service connected
01-19 14:48:46.242  2540     1 D Workspace mv.GET_REPLY: >>>>>>>>>>>>> Got reply with key id='globalKTag', but service doesn't have the key
01-19 14:48:46.242  2540   695 V Infrastructure CPConnection.startSyncConnection: Request properties: 
Cookie=[___fnbDropDownState=1;  CheckCookieSupport=1;  CTXSession= ]; X-CPCVPN-MobileAgent=[App] 
01-19 14:48:46.244  2540   696 D AppInfra ManageAndWipeDBDataService.onHandleIntent: action is : com.CheckPoint.Infrastructure.Data.GlobalConstants.intent.action.ADD_FILE_OF_SITE_RECORD
01-19 14:48:46.264  2540   695 V Infrastructure CPConnection.startSyncConnection: Got http status: 200
01-19 14:48:46.265  2540   695 V Infrastructure CPConnection.getHeaderFields: called
01-19 14:48:46.268  2540   695 V Infrastructure CPConnection.startSyncConnection: Received all input:
{"mobilePortal":"\/sslvpn\/","status":"Success","errorMessage":"","gatewayFeatures":["REMOTE_WIPE","PUSH_NOTIFICATIONS","CALENDAR_SYNC","CHAT",""]}
01-19 14:48:46.294  2540     1 V Workspace NetworkManager.onReceive: com.CheckPointVpn.NetworkDetector.GATEWAY_AVAILABLE
01-19 14:48:46.294  2540     1 V Workspace NetworkManager.onReceive: active site - [172.24.11.149 - OFFLINE]
01-19 14:48:46.295  2540     1 V Infrastructure lf.Cancel verify
01-19 14:48:46.296  2540     1 W Workspace la.sendLocalBroadcast: failed to send broadcast, no receivers found!
01-19 14:48:46.298  2540   672 D Calendar ExchangeServiceService.Received deviceId from Email app: android1484830097408
01-19 14:48:46.299  2540   672 D Calendar ExchangeServiceService.onStartCommand: Starting maybeStartExchangeServiceThread
01-19 14:48:46.300  2540   672 D Calendar ExchangeServiceService.onStartCommand: maybeStartExchangeServiceThread ended!
01-19 14:48:46.300  2540   672 D Calendar ExchangeServiceService.onStartCommand: onStartCommand thread releasing sSyncLock
01-19 14:48:46.300  2540   672 D Calendar ExchangeServiceService.onStartCommand: thread finished!
01-19 14:48:46.300  2540   703 D Calendar ExchangeServiceService.run() service thread started!
01-19 14:48:46.301  2540   703 D Calendar ExchangeServiceService.run() will wait until the ktag is ready...!
01-19 14:48:46.304  2540     1 D Infrastructure VpnSiteModel.changeState: Site 172.24.11.149 changed state from OFFLINE to AUTHENTICATED
01-19 14:48:46.305  2540     1 D Infrastructure VpnSiteModel.changeLeafState: not a leaf state - AUTHENTICATED
01-19 14:48:46.305  2540   703 I Workspace mb.isApplicationProtectedByPasscode: Application is protected by passcode.
01-19 14:48:46.305  2540   703 D Workspace mb.shouldAskForPasscode: Passcode was entered in the past.
01-19 14:48:46.305  2540   703 D Workspace mb.getOrCreateKTagForApp: Lock acquired: site ID = 172.24.11.149
01-19 14:48:46.306  2540   703 D Workspace mb.getOrCreateKTagForApp: KeyStore has the following entries: -1047860588, -1992220757, -1572556328 
01-19 14:48:46.306  2540   703 D Workspace mb.getOrCreateKTagForApp: KeyStore contains the key for the appID -1572556328
01-19 14:48:46.310  2540     1 D Calendar ExchangeServiceService.!!! EAS ExchangeService, onStartCommand, startingUp=false, instance created=true
01-19 14:48:46.310  2540     1 D Common CalendarSettingsFragment.migratePreferenceV7:: no need.
01-19 14:48:46.312  2540   673 D Workspace CPMobileService.In Service: got ITERATE_CONNECT request
01-19 14:48:46.313  2540   673 D Infrastructure z.load: Restoring passcode characteristics.
01-19 14:48:46.314  2540   673 I Workspace SecureStorage.putJSONObject: Trying to store value.
01-19 14:48:46.321  2540   673 I Workspace mb.isApplicationProtectedByPasscode: Application is protected by passcode.
01-19 14:48:46.321  2540   673 I Infrastructure PasscodePolicy.isPasscodeCompliant: Passcode policy is compliant.
01-19 14:48:46.330  2540   703 D Workspace mb.getOrCreateKTagForApp: Lock released: File = CP172.24.11.149.keystore
01-19 14:48:46.331  2540   703 D AppInfra cur. * Got ktag! container 6FAE75D66EB05C0C13006C6E1FFCA4809A3F192D for id 172.24.11.149
01-19 14:48:46.331  2540   703 D Calendar ExchangeServiceService.run() Setting temp dir...
01-19 14:48:46.331  2540   703 D Calendar ExchangeServiceService.run() Acquiring sSyncLock...
01-19 14:48:46.331  2540   703 D Calendar ExchangeServiceService.run() sSyncLock acquired!
01-19 14:48:46.331  2540   703 D Calendar ExchangeServiceService.run() service instance already created, will register observers now
01-19 14:48:46.331  2540   673 D Infrastructure VpnSiteModel.changeState: Site 172.24.11.149 changed state from AUTHENTICATED to CONNECTED
01-19 14:48:46.332  2540   673 I Workspace nj.onSiteStateChanged
01-19 14:48:46.332  2540   626 I Workspace mb.isApplicationProtectedByPasscode: Application is protected by passcode.
01-19 14:48:46.332  2540   625 I Workspace mb.isApplicationProtectedByPasscode: Application is protected by passcode.
01-19 14:48:46.332  2540   626 D Workspace mb.shouldAskForPasscode: Passcode was entered in the past.
01-19 14:48:46.332  2540   625 D Workspace mb.shouldAskForPasscode: Passcode was entered in the past.
01-19 14:48:46.332  2540   703 E Calendar EmailProvider.query: provider not initialized, return null!
01-19 14:48:46.333  2540   625 V Workspace mb.getOrCreateKTagForApp: found entry in cache. Site id=172.24.11.149, appId=-1572556328, entry age=1
01-19 14:48:46.333  2540   625 D AppInfra cur. * Got ktag! container 6FAE75D66EB05C0C13006C6E1FFCA4809A3F192D for id 172.24.11.149
01-19 14:48:46.333  2540   625 D Calendar EmailProvider.initializeProvider: Done waiting for key, proceed with init
01-19 14:48:46.334  2540   626 V Workspace mb.getOrCreateKTagForApp: found entry in cache. Site id=172.24.11.149, appId=-1572556328, entry age=2
01-19 14:48:46.334  2540   626 D AppInfra cur. * Got ktag! container 6FAE75D66EB05C0C13006C6E1FFCA4809A3F192D for id 172.24.11.149
01-19 14:48:46.334  2540   626 D Calendar CalendarProvider2.postInitialize: Done waiting for key, proceed with init...
01-19 14:48:46.336  2540     1 D AppInfra cwj.onReceive: Received com.CheckPoint.Service.intent.action.SITE_CHANGED_STATE
01-19 14:48:46.336  2540   673 D Workspace nj.sendSiteStateChangedBroadcast: ==== Broadcast sent state = CONNECTED
01-19 14:48:46.336  2540     1 D AppInfra cwj.onReceive: CONNECTED
01-19 14:48:46.337  2540     1 D SecMsg czm.onSiteConnected()
01-19 14:48:46.338  2540     1 D SecMsg czm.INIT_CONTROLLER_OBSERVABLE: libs loaded = true site_and_key ready= true
01-19 14:48:46.339  2540     1 D AppInfra cwj.onReceive: Received com.CheckPoint.Service.intent.action.SITE_CHANGED_STATE
01-19 14:48:46.340  2540     1 D AppInfra cwj.onReceive: CONNECTED
01-19 14:48:46.340  2540   626 D Calendar CalendarProvider2.postInitialize: Initialization done!
01-19 14:48:46.340  2540   703 E Calendar EmailProvider.query: provider not initialized, return null!
01-19 14:48:46.337  2540   625 D AppInfra ManageAndWipeDBDataService.registerFile: file name sent to wipeDB
01-19 14:48:46.340  2540   626 D Calendar CalendarProvider2.startInitializer:run() Command 'first-init' seq=0 completed, 0 commands left.
01-19 14:48:46.341  2540   626 D Calendar CalendarProvider2.startInitializer:run() Waiting for next command...
01-19 14:48:46.342  2540     1 D AppInfra ManageAndWipeDBDataService.registerFile: file name sent to wipeDB
01-19 14:48:46.342  2540   660 D SecMsg czm.setShareWithMessagesState: no change, do nothing
01-19 14:48:46.342  2540     1 D Dashboard zk.initInstanceIfNotInitialized()
01-19 14:48:46.343  2540   703 D Calendar ExchangeServiceService.setSyncFrequency: -1 (>0: millisecs, <0: code)
01-19 14:48:46.343  2540     1 D AppInfra cwj.onReceive: Received com.CheckPoint.Service.intent.action.SITE_CHANGED_STATE
01-19 14:48:46.343  2540   703 D Calendar ExchangeServiceService.run() sSyncLock released!
01-19 14:48:46.343  2540     1 D AppInfra cwj.onReceive: CONNECTED
01-19 14:48:46.343  2540     1 D DocSec acd.onSiteConnected()
01-19 14:48:46.343  2540   625 D AppInfra ManageAndWipeDBDataService.registerFile: file name sent to wipeDB
01-19 14:48:46.344  2540   625 W Calendar EmailProvider.Deleting orphaned EmailProvider database...
01-19 14:48:46.346  2540   625 D AppInfra ManageAndWipeDBDataService.registerFile: file name sent to wipeDB
01-19 14:48:46.346  2540   705 D AppInfra ManageAndWipeDBDataService.onHandleIntent: action is : com.CheckPoint.Infrastructure.Data.GlobalConstants.intent.action.ADD_FILE_OF_SITE_RECORD
01-19 14:48:46.345  2540   660 D SecMsg dae.getHelper: Entering
01-19 14:48:46.347  2540   660 I Workspace mb.isApplicationProtectedByPasscode: Application is protected by passcode.
01-19 14:48:46.347  2540   673 D Workspace nh.saveKeyIfNeeded(): same host and same timeout, assume already saved
01-19 14:48:46.348  2540   660 D Workspace mb.shouldAskForPasscode: Passcode was entered in the past.
01-19 14:48:46.348  2540   703 D Calendar ExchangeServiceService.run() waiting for ktag...
01-19 14:48:46.348  2540   660 V Workspace mb.getOrCreateKTagForApp: found entry in cache. Site id=172.24.11.149, appId=-1572556328, entry age=3
01-19 14:48:46.348  2540   673 I Workspace SecureStorage.putUserHash: Trying to store values.
01-19 14:48:46.348  2540   703 I Workspace mb.isApplicationProtectedByPasscode: Application is protected by passcode.
01-19 14:48:46.348  2540   660 D AppInfra cwj.getKey: * Got ktag! 6FAE75D66EB05C0C13006C6E1FFCA4809A3F192D
01-19 14:48:46.348  2540   703 D Workspace mb.shouldAskForPasscode: Passcode was entered in the past.
01-19 14:48:46.348  2540   703 V Workspace mb.getOrCreateKTagForApp: found entry in cache. Site id=172.24.11.149, appId=-1572556328, entry age=4
01-19 14:48:46.348  2540   660 E AppInfra SQLiteOpenHelper.startOpening mParallelDBOpening = 1
01-19 14:48:46.348  2540   703 D AppInfra cur. * Got ktag! container 6FAE75D66EB05C0C13006C6E1FFCA4809A3F192D for id 172.24.11.149
01-19 14:48:46.349  2540   703 D Calendar ExchangeServiceService.run() running runAwake...
01-19 14:48:46.349  2540   625 D AppInfra ManageAndWipeDBDataService.registerFile: file name sent to wipeDB
01-19 14:48:46.350  2540   703 D Calendar ExchangeServiceService.run() waiting for connectivity...
01-19 14:48:46.351  2540   625 D AppInfra ManageAndWipeDBDataService.registerFile: file name sent to wipeDB
01-19 14:48:46.351  2540   703 D Calendar ExchangeServiceService.run() done waiting for connectivity
01-19 14:48:46.351  2540   703 D Calendar ExchangeServiceService.run() will check mailboxes now
01-19 14:48:46.351  2540   703 D Calendar ExchangeServiceService.checkMailboxes() will check mailboxes now
01-19 14:48:46.351  2540   625 D Calendar EmailProvider.<init>: db version - 37
01-19 14:48:46.351  2540   703 D Calendar ExchangeServiceService.checkMailboxes() querying for mailboxes...
01-19 14:48:46.351  2540   625 I Workspace mb.isApplicationProtectedByPasscode: Application is protected by passcode.
01-19 14:48:46.352  2540   625 D Workspace mb.shouldAskForPasscode: Passcode was entered in the past.
01-19 14:48:46.351  2540   703 E Calendar EmailProvider.query: provider not initialized, return null!
01-19 14:48:46.352  2540   625 V Workspace mb.getOrCreateKTagForApp: found entry in cache. Site id=172.24.11.149, appId=-1572556328, entry age=5
01-19 14:48:46.352  2540   703 E Calendar ExchangeServiceService.checkMailboxes() cursor is null
01-19 14:48:46.352  2540   703 E Calendar ExchangeServiceService.EmailProvider unavailable; shutting down
01-19 14:48:46.352  2540   625 D AppInfra cur. * Got ktag! container 6FAE75D66EB05C0C13006C6E1FFCA4809A3F192D for id 172.24.11.149
01-19 14:48:46.353  2540   625 E AppInfra SQLiteOpenHelper.startOpening mParallelDBOpening = 2
01-19 14:48:46.353  2540     1 D Calendar ExchangeServiceService.!!! EAS ExchangeService, onStartCommand, startingUp=false, instance created=true
01-19 14:48:46.353  2540   703 D Calendar ExchangeServiceService.shutdown() Shutting down the service thread, acquiring the sSyncLock...
01-19 14:48:46.353  2540   625 E AppInfra SQLiteOpenHelper.startOpening mParallelDBOpening = 3
01-19 14:48:46.353  2540   703 D Calendar ExchangeServiceService.shutdown() sSyncLock acquired, procceding with shutdown!
01-19 14:48:46.353  2540     1 D Common CalendarSettingsFragment.migratePreferenceV7:: no need.
01-19 14:48:46.353  2540   703 D Calendar ExchangeServiceService.shutdown() unregistering all receivers...
01-19 14:48:46.354  2540   703 D Calendar ExchangeServiceService.shutdown() ConnectivityReceiver unregistered.
01-19 14:48:46.354  2540   705 D AppInfra ManageAndWipeDBDataService.onHandleIntent: action is : com.CheckPoint.Infrastructure.Data.GlobalConstants.intent.action.ADD_FILE_OF_SITE_RECORD
01-19 14:48:46.354  2540   703 D Calendar ExchangeServiceService.shutdown() SyncedMessageObserver unregistered.
01-19 14:48:46.355  2540   703 D Calendar ExchangeServiceService.shutdown() AccountObserver unregistered.
01-19 14:48:46.355  2540   703 D Calendar ExchangeServiceService.shutdown() MailboxObserver unregistered.
01-19 14:48:46.355  2540   673 I Workspace SecureStorage.putUserHash: Saved '61ef24bc' successfully!
01-19 14:48:46.356  2540   703 D Calendar ExchangeServiceService.unregisterCalendarObservers: unregistering CalendarObservers...
01-19 14:48:46.356  2540   673 I Workspace SecureStorage.putAuthenticatedUserID: Trying to store values.
01-19 14:48:46.356  2540   703 D Calendar ExchangeServiceService.stopServiceThreads() Stopping service threads, acquiring the sSyncLock lock...
01-19 14:48:46.356  2540   703 D Calendar ExchangeServiceService.stopServiceThreads() sSyncLock acquired, proceeding with treads shutdown...
01-19 14:48:46.358  2540   703 D Calendar ExchangeServiceService.clearAlarms() Clearing all pending alarms...
01-19 14:48:46.358  2540   703 D Calendar ExchangeServiceService.shutdown() Releasing wake locks...
01-19 14:48:46.359  2540   703 D Calendar ExchangeServiceService.shutdown() reseting service instance...
01-19 14:48:46.359  2540   703 D Calendar ExchangeServiceService.shutdown() Done.
01-19 14:48:46.361  2540   705 D AppInfra ManageAndWipeDBDataService.onHandleIntent: action is : com.CheckPoint.Infrastructure.Data.GlobalConstants.intent.action.ADD_FILE_OF_SITE_RECORD
01-19 14:48:46.365  2540   705 D AppInfra ManageAndWipeDBDataService.onHandleIntent: action is : com.CheckPoint.Infrastructure.Data.GlobalConstants.intent.action.ADD_FILE_OF_SITE_RECORD
01-19 14:48:46.366  2540   673 I Workspace SecureStorage.putAuthenticatedUserID: Saved 'c06cae40' successfully!
01-19 14:48:46.367  2540   673 V Workspace ll.reportedLocation = false, request_user_to_send_geo_location = false
01-19 14:48:46.367  2540   673 D Workspace CPMobileService.In Service: got CONNECTED request
01-19 14:48:46.368  2540   673 I Workspace nj.saveSiteListOnlyIfNeeded: Saving not needed.
01-19 14:48:46.368  2540   673 D Workspace ll.In Service: finished handling null request
01-19 14:48:46.368  2540   705 D AppInfra ManageAndWipeDBDataService.onHandleIntent: action is : com.CheckPoint.Infrastructure.Data.GlobalConstants.intent.action.ADD_FILE_OF_SITE_RECORD
01-19 14:48:46.368  2540   673 W Workspace AlarmCenter.descheduleAlarm: failed to find a pending intent for alarm id = 3005
01-19 14:48:46.370  2540   625 D Calendar EmailProvider.onCreate: database
01-19 14:48:46.372  2540   705 D AppInfra ManageAndWipeDBDataService.onHandleIntent: action is : com.CheckPoint.Infrastructure.Data.GlobalConstants.intent.action.ADD_FILE_OF_SITE_RECORD
01-19 14:48:46.803  2540   660 V EWS agr.<clinit>: filterQuery='select distinct mailbox_contacts.DB_contact_id, folder_id, contact_id, full_name, company from mailbox_contacts left outer join mailbox_contacts_email_addresses on mailbox_contacts.DB_contact_id = mailbox_contacts_email_addresses.DB_contact_id left outer join mailbox_contacts_phones on mailbox_contacts.DB_contact_id = mailbox_contacts_phones.DB_contact_id left outer join mailbox_contacts_addresses on mailbox_contacts.DB_contact_id = mailbox_contacts_addresses.DB_contact_id where mailbox_contacts.deleted IS NOT 1 and (mailbox_contacts.full_name_lower like ? or mailbox_contacts.company_lower like ? or mailbox_contacts_phones.number_only like ? or mailbox_contacts_email_addresses.address like ? or mailbox_contacts_addresses.address_lower like ?)'
01-19 14:48:46.803  2540   660 V EWS agr.<clinit>: dirtyQuery='select distinct * from mailbox_contacts left outer join mailbox_contacts_email_addresses on mailbox_contacts.DB_contact_id = mailbox_contacts_email_addresses.DB_contact_id left outer join mailbox_contacts_phones on mailbox_contacts.DB_contact_id = mailbox_contacts_phones.DB_contact_id left outer join mailbox_contacts_addresses on mailbox_contacts.DB_contact_id = mailbox_contacts_addresses.DB_contact_id where mailbox_contacts.dirty = 1'
01-19 14:48:46.806  2540   660 I Workspace mb.isApplicationProtectedByPasscode: Application is protected by passcode.
01-19 14:48:46.806  2540   660 D Workspace mb.shouldAskForPasscode: Passcode was entered in the past.
01-19 14:48:46.806  2540   660 V Workspace mb.getOrCreateKTagForApp: found entry in cache. Site id=172.24.11.149, appId=-1572556328, entry age=6
01-19 14:48:46.807  2540   660 D AppInfra cur. * Got ktag! container 6FAE75D66EB05C0C13006C6E1FFCA4809A3F192D for id 172.24.11.149
01-19 14:48:46.807  2540   660 E AppInfra SQLiteOpenHelper.startOpening mParallelDBOpening = 2
01-19 14:48:46.807  2540   660 E AppInfra SQLiteOpenHelper.startOpening mParallelDBOpening = 3
01-19 14:48:46.838  2540   625 D AppInfra ManageAndWipeDBDataService.registerFile: file name sent to wipeDB
01-19 14:48:46.839  2540   625 D Calendar EmailProvider.<init>: db version - 37
01-19 14:48:46.839  2540   625 I Workspace mb.isApplicationProtectedByPasscode: Application is protected by passcode.
01-19 14:48:46.839  2540   625 D Workspace mb.shouldAskForPasscode: Passcode was entered in the past.
01-19 14:48:46.839  2540   625 V Workspace mb.getOrCreateKTagForApp: found entry in cache. Site id=172.24.11.149, appId=-1572556328, entry age=7
01-19 14:48:46.840  2540   625 D AppInfra cur. * Got ktag! container 6FAE75D66EB05C0C13006C6E1FFCA4809A3F192D for id 172.24.11.149
01-19 14:48:46.840  2540   625 E AppInfra SQLiteOpenHelper.startOpening mParallelDBOpening = 2
01-19 14:48:46.840  2540   625 E AppInfra SQLiteOpenHelper.startOpening mParallelDBOpening = 3
01-19 14:48:46.841  2540   708 D AppInfra ManageAndWipeDBDataService.onHandleIntent: action is : com.CheckPoint.Infrastructure.Data.GlobalConstants.intent.action.ADD_FILE_OF_SITE_RECORD
01-19 14:48:47.294  2540   660 D SecMsg dag.<init>: done
01-19 14:48:47.305  2540     1 D SecMsg SecureMessagesNetworkService.onHandleIntent: Got action: cp.mobile.securemessaging.service.SecureMessagesNetworkService.action.INIT
01-19 14:48:47.361  2540   625 D Calendar EmailProvider.initializeProvider: EmailProvider initialized, setting up ews subscription
01-19 14:48:47.362  2540   625 D Calendar AllInOneActivity.setupExchangeSubscription() start
01-19 14:48:47.362  2540   625 D Calendar AllInOneActivity.setupExchangeSubscription: getting application object for user account parameters
01-19 14:48:47.363  2540   625 D Calendar AllInOneActivity.setupExchangeSubscription: succeeded in getting application object for user account parameters, checking if email exists...
01-19 14:48:47.365  2540   625 D Calendar AllInOneActivity.setupExchangeSubscription: account for 3620644609 does not exist, create a new one
01-19 14:48:47.378  2540   712 V Infrastructure CPConnection.setRequestMethod: called
01-19 14:48:47.379  2540   712 V Infrastructure CPConnection.setRequestMethod: called
01-19 14:48:47.379  2540   712 V Infrastructure CPConnection.getOutputStream: called
01-19 14:48:47.380  2540   712 V Infrastructure CPConnection.prepareConnection: Preparing connection 
01-19 14:48:47.380  2540   712 V Infrastructure CPConnection.prepareConnection: Creating URL: https://172.24.11.149/sslvpn/CPCVPN-Business-Mail/
01-19 14:48:47.381  2540   712 V Infrastructure CPConnection.prepareConnection: Starting connection...	Connect timeout=30000, read timeout=30000
01-19 14:48:47.381  2540   712 D Infrastructure CPConnection.prepareConnection: set Content-Length = 629
01-19 14:48:47.384  2540   712 D Outlook ServiceRequestBase.::emit() will execute request now...
01-19 14:48:47.384  2540   712 D Outlook ServiceRequestBase.::emit() request executed, will get response...
01-19 14:48:47.385  2540   712 V Infrastructure CPConnection.getResponseCode: called
01-19 14:48:47.387  2540   625 D Calendar ExchangeServiceService.alert() got alert with id: 1
01-19 14:48:47.387  2540   625 D Calendar ExchangeServiceService.checkExchangeServiceServiceRunning() service instance not created
01-19 14:48:47.387  2540   625 D Calendar ExchangeServiceService.alert() service not started, will start new service
01-19 14:48:47.388  2540   625 D Calendar EmailProvider.startInitializer:  Command 'first-initialization' seq=0 completed, 0 commands left.
01-19 14:48:47.388  2540   625 D Calendar EmailProvider.startInitializer: Waiting for next command...
01-19 14:48:47.388  2540     1 D Calendar ExchangeServiceService.!!! EAS ExchangeService, onStartCommand, startingUp=false, instance created=false
01-19 14:48:47.388  2540     1 D Common CalendarSettingsFragment.migratePreferenceV7:: no need.
01-19 14:48:47.389  2540   670 D Calendar ExchangeServiceService.onStartCommand: thread acquiring sSyncLock...
01-19 14:48:47.389  2540   670 D Calendar ExchangeServiceService.onStartCommand: thread sSyncLock acquired!
01-19 14:48:47.392  2540   670 D Calendar ExchangeServiceService.onStartCommand: Starting maybeStartExchangeServiceThread
01-19 14:48:47.394  2540   713 D Calendar ExchangeServiceService.run() service thread started!
01-19 14:48:47.393  2540   670 D Calendar ExchangeServiceService.onStartCommand: maybeStartExchangeServiceThread ended!
01-19 14:48:47.394  2540   713 D Calendar ExchangeServiceService.run() will wait until the ktag is ready...!
01-19 14:48:47.394  2540   713 I Workspace mb.isApplicationProtectedByPasscode: Application is protected by passcode.
01-19 14:48:47.395  2540   670 D Calendar ExchangeServiceService.onStartCommand: onStartCommand thread releasing sSyncLock
01-19 14:48:47.395  2540   713 D Workspace mb.shouldAskForPasscode: Passcode was entered in the past.
01-19 14:48:47.395  2540   670 D Calendar ExchangeServiceService.onStartCommand: thread finished!
01-19 14:48:47.395  2540   713 V Workspace mb.getOrCreateKTagForApp: found entry in cache. Site id=172.24.11.149, appId=-1572556328, entry age=8
01-19 14:48:47.395  2540   713 D AppInfra cur. * Got ktag! container 6FAE75D66EB05C0C13006C6E1FFCA4809A3F192D for id 172.24.11.149
01-19 14:48:47.396  2540   713 D Calendar ExchangeServiceService.run() Setting temp dir...
01-19 14:48:47.396  2540   713 D Calendar ExchangeServiceService.run() Acquiring sSyncLock...
01-19 14:48:47.396  2540   713 D Calendar ExchangeServiceService.run() sSyncLock acquired!
01-19 14:48:47.396  2540   713 D Calendar ExchangeServiceService.run() service instance already created, will register observers now
01-19 14:48:47.401  2540   713 D Calendar ExchangeServiceService.AccountObserver::AccountObserver: account for 3620644609 is already exists
01-19 14:48:47.444  2540   712 V Infrastructure CPConnection.getResponseCode: site state = CONNECTED
01-19 14:48:47.445  2540   712 V Infrastructure CPConnection.getResponseCode: response code = 200
01-19 14:48:47.445  2540   712 D Outlook HttpClientWebRequest.getResponseCode: code=200 message=OK
01-19 14:48:47.446  2540   712 D Outlook ServiceRequestBase.::emit() got response!
01-19 14:48:47.446  2540   712 V Infrastructure CPConnection.getInputStream: called
01-19 14:48:47.446  2540   712 V Infrastructure CPConnection.getHeaderFields: called
01-19 14:48:47.479  2540   713 D Calendar ExchangeServiceService.setSyncFrequency: -1 (>0: millisecs, <0: code)
01-19 14:48:47.479  2540   713 D Calendar ExchangeServiceService.run() sSyncLock released!
01-19 14:48:47.485  2540   713 D Calendar ExchangeServiceService.run() waiting for ktag...
01-19 14:48:47.485  2540   713 I Workspace mb.isApplicationProtectedByPasscode: Application is protected by passcode.
01-19 14:48:47.485  2540   713 D Workspace mb.shouldAskForPasscode: Passcode was entered in the past.
01-19 14:48:47.486  2540   713 V Workspace mb.getOrCreateKTagForApp: found entry in cache. Site id=172.24.11.149, appId=-1572556328, entry age=9
01-19 14:48:47.486  2540   713 D AppInfra cur. * Got ktag! container 6FAE75D66EB05C0C13006C6E1FFCA4809A3F192D for id 172.24.11.149
01-19 14:48:47.486  2540   713 D Calendar ExchangeServiceService.run() running runAwake...
01-19 14:48:47.488  2540   713 D Calendar ExchangeServiceService.run() waiting for connectivity...
01-19 14:48:47.491  2540   713 D Calendar ExchangeServiceService.run() done waiting for connectivity
01-19 14:48:47.491  2540   713 D Calendar ExchangeServiceService.run() will check mailboxes now
01-19 14:48:47.491  2540   713 D Calendar ExchangeServiceService.checkMailboxes() will check mailboxes now
01-19 14:48:47.492  2540   713 D Calendar ExchangeServiceService.checkMailboxes() querying for mailboxes...
01-19 14:48:47.497  2540   712 D SecMsg SecureMessagesNetworkService.initializeLogic: Entering
01-19 14:48:47.497  2540   713 D Calendar ExchangeServiceService.checkMailboxes() checking whether sync service exists for mailboxId 1
01-19 14:48:47.498  2540   713 D Calendar ExchangeServiceService.checkMailboxes() sync service does not exist for mailboxId 1, getting cached account...
01-19 14:48:47.501  2540   713 D Calendar CalendarDatabaseHelper.getInstance: creating new instance, reason = not created yet
01-19 14:48:47.501  2540   713 D Calendar CalendarDatabaseHelper.Creating OpenHelper for = nullx10d0c722fd6a601554b0deb00ebb2659c
01-19 14:48:47.505  2540   712 V Infrastructure CPConnection.setRequestMethod: called
01-19 14:48:47.506  2540   712 V Infrastructure CPConnection.setRequestMethod: called
01-19 14:48:47.506  2540   712 V Infrastructure CPConnection.getOutputStream: called
01-19 14:48:47.506  2540   712 V Infrastructure CPConnection.prepareConnection: Preparing connection 
01-19 14:48:47.506  2540   712 V Infrastructure CPConnection.prepareConnection: Creating URL: https://172.24.11.149/sslvpn/CPCVPN-Business-Mail/
01-19 14:48:47.507  2540   712 V Infrastructure CPConnection.prepareConnection: Starting connection...	Connect timeout=30000, read timeout=30000
01-19 14:48:47.507  2540   712 D Infrastructure CPConnection.prepareConnection: set Content-Length = 1198
01-19 14:48:47.509  2540   712 D Outlook ServiceRequestBase.::emit() will execute request now...
01-19 14:48:47.509  2540   712 D Outlook ServiceRequestBase.::emit() request executed, will get response...
01-19 14:48:47.509  2540   712 V Infrastructure CPConnection.getResponseCode: called
01-19 14:48:47.511  2540   713 D AppInfra ManageAndWipeDBDataService.registerFile: file name sent to wipeDB
01-19 14:48:47.511  2540   713 D Calendar CalendarDatabaseHelper.CalendarDatabaseHelper: file name added for wipeDB
01-19 14:48:47.511  2540   713 I Workspace mb.isApplicationProtectedByPasscode: Application is protected by passcode.
01-19 14:48:47.512  2540   713 D Workspace mb.shouldAskForPasscode: Passcode was entered in the past.
01-19 14:48:47.511  2540   716 D AppInfra ManageAndWipeDBDataService.onHandleIntent: action is : com.CheckPoint.Infrastructure.Data.GlobalConstants.intent.action.ADD_FILE_OF_SITE_RECORD
01-19 14:48:47.512  2540   713 D Workspace mb.getOrCreateKTagForApp: Lock acquired: site ID = 172.24.11.149
01-19 14:48:47.512  2540   713 D Workspace mb.getOrCreateKTagForApp: KeyStore has the following entries: -1047860588, -1992220757, -1572556328 
01-19 14:48:47.512  2540   713 D Workspace mb.getOrCreateKTagForApp: KeyStore contains the key for the appID -1572556328
01-19 14:48:47.533  2540   713 D Workspace mb.getOrCreateKTagForApp: Lock released: File = CP172.24.11.149.keystore
01-19 14:48:47.534  2540   713 D AppInfra cur. * Got ktag! container 6FAE75D66EB05C0C13006C6E1FFCA4809A3F192D for id 172.24.11.149
01-19 14:48:47.534  2540   713 E AppInfra SQLiteOpenHelper.startOpening mParallelDBOpening = 1
01-19 14:48:47.536  2540   712 V Infrastructure CPConnection.getResponseCode: site state = CONNECTED
01-19 14:48:47.536  2540   712 V Infrastructure CPConnection.getResponseCode: response code = 200
01-19 14:48:47.536  2540   712 D Outlook HttpClientWebRequest.getResponseCode: code=200 message=OK
01-19 14:48:47.536  2540   712 D Outlook ServiceRequestBase.::emit() got response!
01-19 14:48:47.536  2540   712 V Infrastructure CPConnection.getInputStream: called
01-19 14:48:47.536  2540   712 V Infrastructure CPConnection.getHeaderFields: called
01-19 14:48:47.584  2540     1 D Workspace CPMobile.gotoNextActivity: Starting...
01-19 14:48:47.585  2540     1 D Workspace nv.getNextActivity: Not from background Previous activity: 'Null'. Current activity: 'CPMobile'.
01-19 14:48:47.585  2540     1 D Workspace AppManager.::isPasscodeNeeded: Passcode is needed = true
01-19 14:48:47.585  2540     1 D Workspace nv.getNextActivity: Passcode is needed!
01-19 14:48:47.586  2540     1 D Workspace nv.returnActivityOrNull: Returning PasscodeActivity
01-19 14:48:47.597  2540     1 I Workspace lz.onActivityPaused( CPMobile, Activity HashCode: 149019262, Task ID: 207 ) PAUSED.
01-19 14:48:47.598  2540   712 D SecMsg czm.getMessagingFolder: count: 1
01-19 14:48:47.599  2540   712 D SecMsg SecureMessagesNetworkService.initializeRulesLogic: Entering
01-19 14:48:47.601  2540     1 I AppInfra cvg.setAlarm: cp.mobile.infra.CpCleanerService.CLEANUP_ALARM was set for Thu Jan 19 20:48:47 GMT+02:00 2017
01-19 14:48:47.604  2540   712 D SecMsg SecureMessagesNetworkService.initializeRulesLogic: GW doesn't have push hf
01-19 14:48:47.608  2540   712 V Infrastructure CPConnection.setRequestMethod: called
01-19 14:48:47.609  2540   712 V Infrastructure CPConnection.setRequestMethod: called
01-19 14:48:47.609  2540   712 V Infrastructure CPConnection.getOutputStream: called
01-19 14:48:47.610  2540   712 V Infrastructure CPConnection.prepareConnection: Preparing connection 
01-19 14:48:47.610  2540   712 V Infrastructure CPConnection.prepareConnection: Creating URL: https://172.24.11.149/sslvpn/CPCVPN-Business-Mail/
01-19 14:48:47.611  2540   712 V Infrastructure CPConnection.prepareConnection: Starting connection...	Connect timeout=30000, read timeout=30000
01-19 14:48:47.611  2540   712 D Infrastructure CPConnection.prepareConnection: set Content-Length = 478
01-19 14:48:47.614  2540   712 D Outlook ServiceRequestBase.::emit() will execute request now...
01-19 14:48:47.614  2540   712 D Outlook ServiceRequestBase.::emit() request executed, will get response...
01-19 14:48:47.615  2540   712 V Infrastructure CPConnection.getResponseCode: called
01-19 14:48:47.642  2540   712 V Infrastructure CPConnection.getResponseCode: site state = CONNECTED
01-19 14:48:47.642  2540   712 V Infrastructure CPConnection.getResponseCode: response code = 200
01-19 14:48:47.643  2540   712 D Outlook HttpClientWebRequest.getResponseCode: code=200 message=OK
01-19 14:48:47.643  2540   712 D Outlook ServiceRequestBase.::emit() got response!
01-19 14:48:47.643  2540   712 V Infrastructure CPConnection.getInputStream: called
01-19 14:48:47.643  2540   712 V Infrastructure CPConnection.getHeaderFields: called
01-19 14:48:47.661  2540     1 I Workspace lz.onActivityCreated( PasscodeActivity, Activity HashCode: 169114756, Task ID: 208, null ) CREATED.
01-19 14:48:47.661  2540     1 I Workspace lz.checkIfPasscodeIsNeeded( PasscodeActivity, configurationChange = false ):
01-19 14:48:47.662  2540     1 D Workspace AppManager.::isPasscodeNeeded: Passcode is needed = true
01-19 14:48:47.662  2540     1 D Workspace mb.shouldAskForPasscode: Passcode was entered in the past.
01-19 14:48:47.662  2540     1 I Workspace lz.checkIfPasscodeIsNeeded( PasscodeActivity, configurationChange = false ): Passcode is needed, checking if needs to show passcode activity.
01-19 14:48:47.662  2540     1 D Workspace mb.shouldAskForPasscode: Passcode was entered in the past.
